CONTEXT   0 241   0   3  72




506a:cb d6              set     2,(hl)
506c:32 b6 fe           ld      (0feb6h),a
506f:af                 xor     a
5070:18 b0              jr      5022h
; ......................................................
5072:32 b6 fe           ld      (0feb6h),a
5075:cb 76              bit     6,(hl)
5077:28 f6              jr      z,506fh
5079:cb 4e              bit     1,(hl)
507b:20 f2              jr      nz,506fh
507d:06 40              ld      b,40h
507f:3a 05 fc           ld      a,(0fc05h)
5082:e6 2c              and     2ch
5084:20 0f              jr      nz,5095h
5086:3a e0 fc           ld      a,(0fce0h)
5089:cb 67              bit     4,a
508b:28 08              jr      z,5095h
508d:3a fc fc           ld      a,(0fcfch)
5090:cb 4f              bit     1,a
5092:20 01              jr      nz,5095h
5094:04                 inc     b
5095:3e 8a              ld      a,8ah
5097:cd ba 50           call    50bah
509a:3a fc fc           ld      a,(0fcfch)
509d:cb 57              bit     2,a
509f:06 40              ld      b,40h
50a1:20 01              jr      nz,50a4h
50a3:04                 inc     b
50a4:3e 8b              ld      a,8bh
50a6:cd ba 50           call    50bah
50a9:3a 04 fc           ld      a,(0fc04h)
50ac:b7                 or      a
50ad:20 04              jr      nz,50b3h
50af:cb 6e              bit     5,(hl)
50b1:28 bc              jr      z,506fh
50b3:3e 87              ld      a,87h
50b5:cd ba 50           call    50bah
50b8:18 b5              jr      506fh
; ......................................................
50ba:32 d3 50           ld      (50d3h),a
50bd:78                 ld      a,b
50be:32 fd fc           ld      (0fcfdh),a
50c1:06 ff              ld      b,0ffh
50c3:d7                 rst     10h
50c4:03                 inc     bc
50c5:03                 inc     bc
50c6:04                 inc     b
50c7:03                 inc     bc
50c8:00                 nop     
50c9:cb 5e              bit     3,(hl)
50cb:20 a2              jr      nz,506fh
50cd:d7                 rst     10h
50ce:08                 ex      af,af'
50cf:0b                 dec     bc
50d0:37                 scf     
50d1:13                 inc     de
50d2:00                 nop     
50d3:00                 nop     
50d4:fd fc              call    m,1
50d6:01 00 00           ld      bc,0
50d9:f9                 ld      sp,hl
50da:50                 ld      d,b
50db:3a f9 50           ld      a,(50f9h)
50de:b7                 or      a
50df:c8                 ret     z
50e0:10 e1              djnz    50c3h
50e2:dd 21 cd 50        ld      ix,50cdh
50e6:57                 ld      d,a
50e7:3a d8 50           ld      a,(50d8h)
50ea:5f                 ld      e,a
50eb:cd 71 06           call    671h
50ee:cd 50 37           call    3750h
50f1:ef                 rst     28h
50f2:d7                 rst     10h
50f3:00                 nop     
50f4:01 0b c3           ld      bc,0c30bh
50f7:93                 sub     e
50f8:4f                 ld      c,a
50f9:00                 nop     
50fa:00                 nop     
50fb:00                 nop     
50fc:00                 nop     
50fd:00                 nop     
50fe:00                 nop     
50ff:00                 nop     
5100:3a ec fc           ld      a,(0fcech)
5103:a7                 and     a
5104:20 29              jr      nz,512fh
5106:00                 nop     
5107:00                 nop     
5108:00                 nop     
5109:af                 xor     a
510a:32 05 56           ld      (5605h),a
510d:2e 04              ld      l,4
510f:1e 12              ld      e,12h
5111:4b                 ld      c,e
5112:cd 69 06           call    669h
5115:cd ad 34           call    34adh
5118:ef                 rst     28h
5119:e5                 push    hl
511a:d1                 pop     de
511b:21 3a fd           ld      hl,0fd3ah
511e:19                 add     hl,de
511f:11 06 56           ld      de,5606h
5122:f5                 push    af
5123:f3                 di      
5124:7e                 ld      a,(hl)
5125:a7                 and     a
5126:20 0a              jr      nz,5132h
5128:f1                 pop     af
5129:3a 05 56           ld      a,(5605h)
512c:c3 30 70           jp      7030h
; ......................................................
512f:d7                 rst     10h
5130:01 80 f1           db   1,80h
5132:f1                 pop     af
5133:47                 ld      b,a
5134:22 00 56           ld      (5600h),hl
5137:ed b0              ldir    
5139:fb                 ei      
513a:3a 05 56           ld      a,(5605h)
513d:3c                 inc     a
513e:fe 14              cp      14h
5140:20 01              jr      nz,5143h
5142:af                 xor     a
5143:32 05 56           ld      (5605h),a
5146:cd 13 55           call    5513h
5149:21 0c fc           ld      hl,0fc0ch
514c:11 c2 87           ld      de,87c2h
514f:01 08 00           ld      bc,8
5152:ed b0              ldir    
5154:d7                 rst     10h
5155:0c                 inc     c
5156:02                 ld      (bc),a
5157:cb 87              res     0,a
5159:21 00 00           ld      hl,0
515c:22 02 56           ld      (5602h),hl
515f:21 06 56           ld      hl,5606h
5162:e5                 push    hl
5163:35                 dec     (hl)
5164:23                 inc     hl
5165:20 10              jr      nz,5177h
5167:e5                 push    hl
5168:23                 inc     hl
5169:23                 inc     hl
516a:7e                 ld      a,(hl)
516b:2f                 cpl     
516c:a7                 and     a
516d:e1                 pop     hl
516e:20 07              jr      nz,5177h
5170:7e                 ld      a,(hl)
5171:23                 inc     hl
5172:66                 ld      h,(hl)
5173:6f                 ld      l,a
5174:22 02 56           ld      (5602h),hl
5177:4e                 ld      c,(hl)
5178:cb b9              res     7,c
517a:cd e9 54           call    54e9h
517d:eb                 ex      de,hl
517e:e1                 pop     hl
517f:7e                 ld      a,(hl)
5180:a7                 and     a
5181:ca 47 52           jp      z,5247h
5184:2a 9d 55           ld      hl,(559dh)
5187:cd 08 55           call    5508h
518a:21 0d 56           ld      hl,560dh
518d:7e                 ld      a,(hl)
518e:cb 7f              bit     7,a
5190:20 13              jr      nz,51a5h
5192:fe 08              cp      8
5194:20 0f              jr      nz,51a5h
5196:23                 inc     hl
5197:23                 inc     hl
5198:23                 inc     hl
5199:7e                 ld      a,(hl)
519a:06 05              ld      b,5
519c:21 9f 55           ld      hl,559fh
519f:be                 cp      (hl)
51a0:23                 inc     hl
51a1:28 06              jr      z,51a9h
51a3:10 fa              djnz    519fh
51a5:3e 3f              ld      a,3fh
51a7:18 04              jr      51adh
; ......................................................
51a9:78                 ld      a,b
51aa:3d                 dec     a
51ab:c6 30              add     a,30h
51ad:32 da 87           ld      (87dah),a
51b0:ed 4b 0b 56        ld      bc,(560bh)
51b4:dd 21 de 87        ld      ix,87deh
51b8:3e 64              ld      a,64h
51ba:cd f1 54           call    54f1h
51bd:01 08 00           ld      bc,8
51c0:21 e3 87           ld      hl,87e3h
51c3:36 30              ld      (hl),30h
51c5:ed a1              cpi     
51c7:ea c3 51           jp      pe,51c3h
51ca:3a 08 56           ld      a,(5608h)
51cd:21 e3 87           ld      hl,87e3h
51d0:06 08              ld      b,8
51d2:07                 rlca    
51d3:30 01              jr      nc,51d6h
51d5:34                 inc     (hl)
51d6:23                 inc     hl
51d7:10 f9              djnz    51d2h
51d9:01 0c 00           ld      bc,0ch
51dc:09                 add     hl,bc
51dd:36 ee              ld      (hl),0eeh
51df:3a da 87           ld      a,(87dah)
51e2:fe 32              cp      32h
51e4:30 40              jr      nc,5226h
51e6:21 0d 56           ld      hl,560dh
51e9:01 04 00           ld      bc,4
51ec:09                 add     hl,bc
51ed:7e                 ld      a,(hl)
51ee:c6 30              add     a,30h
51f0:32 ed 87           ld      (87edh),a
51f3:0b                 dec     bc
51f4:09                 add     hl,bc
51f5:4e                 ld      c,(hl)
51f6:23                 inc     hl
51f7:46                 ld      b,(hl)
51f8:dd 21 f4 87        ld      ix,87f4h
51fc:3e 63              ld      a,63h
51fe:cd f1 54           call    54f1h
5201:ed 4b 16 56        ld      bc,(5616h)
5205:78                 ld      a,b
5206:a7                 and     a
5207:20 0e              jr      nz,5217h
5209:21 30 2f           ld      hl,2f30h
520c:22 ef 87           ld      (87efh),hl
520f:dd 21 f1 87        ld      ix,87f1h
5213:3e 42              ld      a,42h
5215:18 0a              jr      5221h
; ......................................................
5217:ed 4b 09 56        ld      bc,(5609h)
521b:dd 21 ef 87        ld      ix,87efh
521f:3e 63              ld      a,63h
5221:cd f1 54           call    54f1h
5224:18 0b              jr      5231h
; ......................................................
5226:20 09              jr      nz,5231h
5228:cd f9 54           call    54f9h
522b:28 04              jr      z,5231h
522d:4e                 ld      c,(hl)
522e:cd e9 54           call    54e9h
5231:3e 91              ld      a,91h
5233:cd be 53           call    53beh
5236:f5                 push    af
5237:cd 21 55           call    5521h
523a:f1                 pop     af
523b:c4 6f 53           call    nz,536fh
523e:cd 81 54           call    5481h
5241:c2 a3 53           jp      nz,53a3h
5244:c3 b3 53           jp      53b3h
; ......................................................
5247:2a 9b 55           ld      hl,(559bh)
524a:cd 08 55           call    5508h
524d:eb                 ex      de,hl
524e:23                 inc     hl
524f:7e                 ld      a,(hl)
5250:fe ff              cp      0ffh
5252:3e c9              ld      a,0c9h
5254:32 21 55           ld      (5521h),a
5257:ca 59 53           jp      z,5359h
525a:23                 inc     hl
525b:7e                 ld      a,(hl)
525c:cb bf              res     7,a
525e:c6 30              add     a,30h
5260:32 da 87           ld      (87dah),a
5263:7e                 ld      a,(hl)
5264:32 04 56           ld      (5604h),a
5267:a7                 and     a
5268:23                 inc     hl
5269:20 18              jr      nz,5283h
526b:79                 ld      a,c
526c:d6 09              sub     9
526e:da ee 52           jp      c,52eeh
5271:11 de 87           ld      de,87deh
5274:cd 03 55           call    5503h
5277:7e                 ld      a,(hl)
5278:fe 30              cp      30h
527a:38 72              jr      c,52eeh
527c:fe 3a              cp      3ah
527e:30 6e              jr      nc,52eeh
5280:c3 2e 53           jp      532eh
; ......................................................
5283:fe 01              cp      1
5285:20 21              jr      nz,52a8h
5287:7e                 ld      a,(hl)
5288:23                 inc     hl
5289:23                 inc     hl
528a:e5                 push    hl
528b:11 de 87           ld      de,87deh
528e:21 c4 55           ld      hl,55c4h
5291:01 02 00           ld      bc,2
5294:ed b0              ldir    
5296:4f                 ld      c,a
5297:e1                 pop     hl
5298:7e                 ld      a,(hl)
5299:d6 60              sub     60h
529b:12                 ld      (de),a
529c:13                 inc     de
529d:13                 inc     de
529e:0d                 dec     c
529f:ca 41 53           jp      z,5341h
52a2:23                 inc     hl
52a3:ed b0              ldir    
52a5:c3 41 53           jp      5341h
; ......................................................
52a8:fe 04              cp      4
52aa:28 04              jr      z,52b0h
52ac:fe 84              cp      84h
52ae:20 29              jr      nz,52d9h
52b0:23                 inc     hl
52b1:23                 inc     hl
52b2:7e                 ld      a,(hl)
52b3:fe 03              cp      3
52b5:21 bf 55           ld      hl,55bfh
52b8:28 15              jr      z,52cfh
52ba:fe 11              cp      11h
52bc:21 ba 55           ld      hl,55bah
52bf:28 0e              jr      z,52cfh
52c1:fe 1f              cp      1fh
52c3:21 b0 55           ld      hl,55b0h
52c6:28 07              jr      z,52cfh
52c8:fe 9d              cp      9dh
52ca:20 1d              jr      nz,52e9h
52cc:21 b5 55           ld      hl,55b5h
52cf:11 de 87           ld      de,87deh
52d2:01 05 00           ld      bc,5
52d5:ed b0              ldir    
52d7:18 68              jr      5341h
; ......................................................
52d9:fe 05              cp      5
52db:28 11              jr      z,52eeh
52dd:fe 02              cp      2
52df:28 42              jr      z,5323h
52e1:fe 03              cp      3
52e3:28 3e              jr      z,5323h
52e5:fe 83              cp      83h
52e7:28 0a              jr      z,52f3h
52e9:3e 3f              ld      a,3fh
52eb:32 da 87           ld      (87dah),a
52ee:11 de 87           ld      de,87deh
52f1:18 4e              jr      5341h
; ......................................................
52f3:e5                 push    hl
52f4:32 04 56           ld      (5604h),a
52f7:23                 inc     hl
52f8:23                 inc     hl
52f9:06 00              ld      b,0
52fb:4e                 ld      c,(hl)
52fc:3e 62              ld      a,62h
52fe:dd 21 de 87        ld      ix,87deh
5302:cd f1 54           call    54f1h
5305:23                 inc     hl
5306:11 e1 87           ld      de,87e1h
5309:0e 04              ld      c,4
530b:ed b0              ldir    
530d:eb                 ex      de,hl
530e:36 ff              ld      (hl),0ffh
5310:11 e6 87           ld      de,87e6h
5313:e1                 pop     hl
5314:cd 03 55           call    5503h
5317:23                 inc     hl
5318:23                 inc     hl
5319:23                 inc     hl
531a:23                 inc     hl
531b:23                 inc     hl
531c:0b                 dec     bc
531d:0b                 dec     bc
531e:0b                 dec     bc
531f:0b                 dec     bc
5320:0b                 dec     bc
5321:18 0b              jr      532eh
; ......................................................
5323:3e ff              ld      a,0ffh
5325:32 de 87           ld      (87deh),a
5328:11 e1 87           ld      de,87e1h
532b:cd 03 55           call    5503h
532e:e5                 push    hl
532f:21 19 02           ld      hl,219h
5332:a7                 and     a
5333:ed 42              sbc     hl,bc
5335:30 03              jr      nc,533ah
5337:01 19 02           ld      bc,219h
533a:78                 ld      a,b
533b:b1                 or      c
533c:e1                 pop     hl
533d:28 02              jr      z,5341h
533f:ed b0              ldir    
5341:3a 04 56           ld      a,(5604h)
5344:cb 7f              bit     7,a
5346:28 09              jr      z,5351h
5348:21 c0 87           ld      hl,87c0h
534b:cb fe              set     7,(hl)
534d:3e ff              ld      a,0ffh
534f:12                 ld      (de),a
5350:13                 inc     de
5351:eb                 ex      de,hl
5352:36 ee              ld      (hl),0eeh
5354:3e 90              ld      a,90h
5356:cd be 53           call    53beh
5359:f5                 push    af
535a:2a 02 56           ld      hl,(5602h)
535d:7d                 ld      a,l
535e:84                 add     a,h
535f:a7                 and     a
5360:28 04              jr      z,5366h
5362:af                 xor     a
5363:f3                 di      
5364:77                 ld      (hl),a
5365:fb                 ei      
5366:cd 21 55           call    5521h
5369:f1                 pop     af
536a:c4 6f 53           call    nz,536fh
536d:18 44              jr      53b3h
; ......................................................
536f:3a ac ff           ld      a,(0ffach)
5372:fe 30              cp      30h
5374:20 0b              jr      nz,5381h
5376:3a ab ff           ld      a,(0ffabh)
5379:cb 47              bit     0,a
537b:20 26              jr      nz,53a3h
537d:cb 57              bit     2,a
537f:20 22              jr      nz,53a3h
5381:d7                 rst     10h
5382:03                 inc     bc
5383:03                 inc     bc
5384:03                 inc     bc
5385:01 00 3a           ld      bc,3a00h
5388:e9                 jp      (hl)
; ......................................................
5389:                   db   0ffh,0a7h,20h,0e2h,0cdh,8,54h,0c8h,3ah,0e9h
5393:                   db   0ffh,0a7h,20h,0d8h,0eh,2,0cdh,77h,6,0cdh,30h
539e:                   db   38h,0efh,0c3h,97h,53h
53a3:dd 21 49 54        ld      ix,5449h
53a7:57                 ld      d,a
53a8:3a 54 54           ld      a,(5454h)
53ab:5f                 ld      e,a
53ac:cd 71 06           call    671h
53af:cd 50 37           call    3750h
53b2:ef                 rst     28h
53b3:3a 05 56           ld      a,(5605h)
53b6:2a 00 56           ld      hl,(5600h)
53b9:36 00              ld      (hl),0
53bb:c3 0d 51           jp      510dh
; ......................................................
53be:cd f6 55           call    55f6h
53c1:fe 30              cp      30h
53c3:20 3b              jr      nz,5400h
53c5:3a ab ff           ld      a,(0ffabh)
53c8:a7                 and     a
53c9:47                 ld      b,a
53ca:28 34              jr      z,5400h
53cc:3a c0 87           ld      a,(87c0h)
53cf:fe 24              cp      24h
53d1:20 0d              jr      nz,53e0h
53d3:cb 40              bit     0,b
53d5:20 04              jr      nz,53dbh
53d7:cb 50              bit     2,b
53d9:28 13              jr      z,53eeh
53db:cd 49 55           call    5549h
53de:18 0e              jr      53eeh
; ......................................................
53e0:fe 2a              cp      2ah
53e2:20 0a              jr      nz,53eeh
53e4:cb 48              bit     1,b
53e6:20 f3              jr      nz,53dbh
53e8:cb 50              bit     2,b
53ea:28 02              jr      z,53eeh
53ec:18 ed              jr      53dbh
; ......................................................
53ee:3a ab ff           ld      a,(0ffabh)
53f1:cb 57              bit     2,a
53f3:28 0b              jr      z,5400h
53f5:3e c9              ld      a,0c9h
53f7:32 21 55           ld      (5521h),a
53fa:00                 nop     
53fb:00                 nop     
53fc:00                 nop     
53fd:c3 7f 54           jp      547fh
; ......................................................
5400:3e 06              ld      a,6
5402:32 21 55           ld      (5521h),a
5405:00                 nop     
5406:00                 nop     
5407:00                 nop     
5408:3a 00 fc           ld      a,(0fc00h)
540b:e6 0f              and     0fh
540d:20 03              jr      nz,5412h
540f:3a ec ff           ld      a,(0ffech)
5412:32 54 54           ld      (5454h),a
5415:21 c0 87           ld      hl,87c0h
5418:22 50 54           ld      (5450h),hl
541b:cd 3c 55           call    553ch
541e:22 52 54           ld      (5452h),hl
5421:00                 nop     
5422:00                 nop     
5423:00                 nop     
5424:e5                 push    hl
5425:d1                 pop     de
5426:01 00 02           ld      bc,200h
5429:ed 42              sbc     hl,bc
542b:28 0a              jr      z,5437h
542d:38 08              jr      c,5437h
542f:e5                 push    hl
5430:21 4f 54           ld      hl,544fh
5433:cb be              res     7,(hl)
5435:c5                 push    bc
5436:d1                 pop     de
5437:eb                 ex      de,hl
5438:22 52 54           ld      (5452h),hl
543b:06 80              ld      b,80h
543d:d7                 rst     10h
543e:03                 inc     bc
543f:03                 inc     bc
5440:04                 inc     b
5441:10 00              djnz    5443h
5443:3a e9 ff           ld      a,(0ffe9h)
5446:a7                 and     a
5447:20 16              jr      nz,545fh
5449:d7                 rst     10h
544a:08                 ex      af,af'
544b:0b                 dec     bc
544c:37                 scf     
544d:13                 inc     de
544e:01 00 00           ld      bc,0
5451:00                 nop     
5452:00                 nop     
5453:00                 nop     
5454:00                 nop     
5455:08                 ex      af,af'
5456:56                 ld      d,(hl)
5457:3a 08 56           ld      a,(5608h)
545a:a7                 and     a
545b:28 0c              jr      z,5469h
545d:10 de              djnz    543dh
545f:21 4f 54           ld      hl,544fh
5462:cb 7e              bit     7,(hl)
5464:20 01              jr      nz,5467h
5466:d1                 pop     de
5467:04                 inc     b
5468:c9                 ret     
; ......................................................
5469:21 4f 54           ld      hl,544fh
546c:cb 7e              bit     7,(hl)
546e:20 0f              jr      nz,547fh
5470:cb fe              set     7,(hl)
5472:2a 50 54           ld      hl,(5450h)
5475:01 00 02           ld      bc,200h
5478:09                 add     hl,bc
5479:22 50 54           ld      (5450h),hl
547c:d1                 pop     de
547d:18 b8              jr      5437h
; ......................................................
547f:af                 xor     a
5480:c9                 ret     
; ......................................................
5481:3a 07 56           ld      a,(5607h)
5484:cb 7f              bit     7,a
5486:28 02              jr      z,548ah
5488:af                 xor     a
5489:c9                 ret     
; ......................................................
548a:4f                 ld      c,a
548b:3a da 87           ld      a,(87dah)
548e:fe 32              cp      32h
5490:20 25              jr      nz,54b7h
5492:79                 ld      a,c
5493:fe 09              cp      9
5495:30 05              jr      nc,549ch
5497:cd f9 54           call    54f9h
549a:28 ec              jr      z,5488h
549c:21 a8 55           ld      hl,55a8h
549f:3a 00 fc           ld      a,(0fc00h)
54a2:a7                 and     a
54a3:06 89              ld      b,89h
54a5:4f                 ld      c,a
54a6:3a ac ff           ld      a,(0ffach)
54a9:fe 30              cp      30h
54ab:79                 ld      a,c
54ac:20 27              jr      nz,54d5h
54ae:3a ab ff           ld      a,(0ffabh)
54b1:cb 57              bit     2,a
54b3:79                 ld      a,c
54b4:c0                 ret     nz
54b5:18 1e              jr      54d5h
; ......................................................
54b7:fe 34              cp      34h
54b9:28 e1              jr      z,549ch
54bb:fe 33              cp      33h
54bd:79                 ld      a,c
54be:28 06              jr      z,54c6h
54c0:fe 09              cp      9
54c2:30 d8              jr      nc,549ch
54c4:18 0a              jr      54d0h
; ......................................................
54c6:a7                 and     a
54c7:21 ac 55           ld      hl,55ach
54ca:28 d3              jr      z,549fh
54cc:fe 09              cp      9
54ce:30 cc              jr      nc,549ch
54d0:21 a4 55           ld      hl,55a4h
54d3:06 88              ld      b,88h
54d5:32 54 54           ld      (5454h),a
54d8:78                 ld      a,b
54d9:32 4f 54           ld      (544fh),a
54dc:22 50 54           ld      (5450h),hl
54df:21 04 00           ld      hl,4
54e2:22 52 54           ld      (5452h),hl
54e5:cd 3b 54           call    543bh
54e8:c9                 ret     
; ......................................................
54e9:06 00              ld      b,0
54eb:dd 21 d4 87        ld      ix,87d4h
54ef:3e 03              ld      a,3
54f1:cd 6b 06           call    66bh
54f4:cd ef 34           call    34efh
54f7:ef                 rst     28h
54f8:c9                 ret     
; ......................................................
54f9:21 17 56           ld      hl,5617h
54fc:3a 07 56           ld      a,(5607h)
54ff:cb bf              res     7,a
5501:be                 cp      (hl)
5502:c9                 ret     
; ......................................................
5503:4e                 ld      c,(hl)
5504:23                 inc     hl
5505:46                 ld      b,(hl)
5506:23                 inc     hl
5507:c9                 ret     
; ......................................................
5508:22 c0 87           ld      (87c0h),hl
550b:7c                 ld      a,h
550c:32 d9 87           ld      (87d9h),a
550f:32 db 87           ld      (87dbh),a
5512:c9                 ret     
; ......................................................
5513:21 c0 87           ld      hl,87c0h
5516:01 37 00           ld      bc,37h
5519:36 20              ld      (hl),20h
551b:ed a1              cpi     
551d:ea 19 55           jp      pe,5519h
5520:c9                 ret     
; ......................................................
5521:06 06              ld      b,6
5523:2a 52 54           ld      hl,(5452h)
5526:7d                 ld      a,l
5527:cb 3c              srl     h
5529:1f                 rra     
552a:10 fb              djnz    5527h
552c:3c                 inc     a
552d:fe 01              cp      1
552f:28 01              jr      z,5532h
5531:3d                 dec     a
5532:32 39 55           ld      (5539h),a
5535:d7                 rst     10h
5536:03                 inc     bc
5537:03                 inc     bc
5538:03                 inc     bc
5539:01 00 c9           ld      bc,0c900h
553c:e5                 push    hl
553d:d1                 pop     de
553e:3e ee              ld      a,0eeh
5540:01 3f 02           ld      bc,23fh
5543:ed b1              cpir    
5545:ed 52              sbc     hl,de
5547:2b                 dec     hl
5548:c9                 ret     
; ......................................................
5549:21 c0 87           ld      hl,87c0h
554c:cd 3c 55           call    553ch
554f:e5                 push    hl
5550:c1                 pop     bc
5551:21 20 dc           ld      hl,0dc20h
5554:f3                 di      
5555:7e                 ld      a,(hl)
5556:a7                 and     a
5557:28 11              jr      z,556ah
5559:d7                 rst     10h
555a:03                 inc     bc
555b:03                 inc     bc
555c:04                 inc     b
555d:05                 dec     b
555e:00                 nop     
555f:3a ac ff           ld      a,(0ffach)
5562:fe 30              cp      30h
5564:28 ee              jr      z,5554h
5566:e1                 pop     hl
5567:c3 ee 53           jp      53eeh
; ......................................................
556a:36 ff              ld      (hl),0ffh
556c:fb                 ei      
556d:23                 inc     hl
556e:23                 inc     hl
556f:36 05              ld      (hl),5
5571:23                 inc     hl
5572:22 18 56           ld      (5618h),hl
5575:23                 inc     hl
5576:23                 inc     hl
5577:eb                 ex      de,hl
5578:fd 21 00 00        ld      iy,0
557c:7e                 ld      a,(hl)
557d:fe ff              cp      0ffh
557f:20 07              jr      nz,5588h
5581:ed a1              cpi     
5583:ea 7c 55           jp      pe,557ch
5586:18 07              jr      558fh
; ......................................................
5588:ed a0              ldi     
558a:fd 23              inc     iy
558c:ea 7c 55           jp      pe,557ch
558f:cd ec 55           call    55ech
5592:00                 nop     
5593:21 20 dc           ld      hl,0dc20h
5596:f3                 di      
5597:36 10              ld      (hl),10h
5599:fb                 ei      
559a:c9                 ret     
; ......................................................
559b:                   db   "**$"
559e:                   db   "$"
559f:                   db   12h,14h,13h,19h,18h
55a4:                   db   "099 098 097 RESETENTERREC  MAS=0PF"
55c6:                   db   0e5h,0e5h
55c8:11 80 c0           ld      de,0c080h
55cb:21 c0 c0           ld      hl,0c0c0h
55ce:01 c0 00           ld      bc,0c0h
55d1:ed b0              ldir    
55d3:21 3f c1           ld      hl,0c13fh
55d6:36 20              ld      (hl),20h
55d8:01 80 00           ld      bc,80h
55db:ed b0              ldir    
55dd:c1                 pop     bc
55de:2a 50 54           ld      hl,(5450h)
55e1:11 40 c1           ld      de,0c140h
55e4:ed b0              ldir    
55e6:e1                 pop     hl
55e7:af                 xor     a
55e8:32 c0 c1           ld      (0c1c0h),a
55eb:c9                 ret     
; ......................................................
55ec:fd e5              push    iy
55ee:c1                 pop     bc
55ef:2a 18 56           ld      hl,(5618h)
55f2:71                 ld      (hl),c
55f3:23                 inc     hl
55f4:70                 ld      (hl),b
55f5:c9                 ret     
; ......................................................
55f6:32 4f 54           ld      (544fh),a
55f9:3a ac ff           ld      a,(0ffach)
55fc:c9                 ret     
; ......................................................
55fd:                   db   0,0,0,0,0,0,0,0,0,0,0,0,0,0,0,0,0,0,0,0,0,0
5613:                   db   0,0,0,0,0,0,0,0,0,0,0,0,0,0,0,0,0,0,0,0,0,0
5629:                   db   0,0,0,0,0,0,0,0,0,0,0,0,0,0,0,0,0,0,0,0,0,0
563f:                   db   0,0,0,0,0,0,0,0,0,0,0,0,0,0,0,0,0,0,0,0,0,0
5655:                   db   0,0,0,0,0,0,0,0,0,0,0,0,0,0,0,0,0,0,0,0,0,0
566b:                   db   0,0,0,0,0,0,0,0,0,0,0,0,0,0,0,0,0,0,0,0,0,20h
5681:                   db   20h,86h,56h,18h,20h,0,0,0,0,0,0,0,0,0,0,0,0
5692:                   db   0,0,0,0,0,0,0,0,0,0,0,0,0,0,0,0,0,0,0,0
56a6:3a 86 56           ld      a,(5686h)
56a9:32 58 5a           ld      (5a58h),a
56ac:32 ec ff           ld      (0ffech),a
56af:47                 ld      b,a
56b0:11 10 00           ld      de,10h
56b3:21 4d fc           ld      hl,0fc4dh
56b6:19                 add     hl,de
56b7:10 fd              djnz    56b6h
56b9:22 1a 5b           ld      (5b1ah),hl
56bc:e5                 push    hl
56bd:dd e1              pop     ix
56bf:dd 6e 0a           ld      l,(ix+0ah)
56c2:dd 66 0b           ld      h,(ix+0bh)
56c5:22 18 5a           ld      (5a18h),hl
56c8:22 54 5a           ld      (5a54h),hl
56cb:3a 88 56           ld      a,(5688h)
56ce:3d                 dec     a
56cf:28 0e              jr      z,56dfh
56d1:3d                 dec     a
56d2:ca ac 57           jp      z,57ach
56d5:af                 xor     a
56d6:cd 7a 59           call    597ah
56d9:cd 74 59           call    5974h
56dc:d7                 rst     10h
56dd:01 80 32           db   1,80h
56df:32 88 56           db   32h
56e0:88                 adc     a,b
56e1:56                 ld      d,(hl)
56e2:3a 00 fc           ld      a,(0fc00h)
56e5:a7                 and     a
56e6:28 4b              jr      z,5733h
56e8:dd cb 00 7e        bit     7,(ix+0)
56ec:ca 9e 57           jp      z,579eh
56ef:dd 7e 01           ld      a,(ix+1)
56f2:21 00 8a           ld      hl,8a00h
56f5:fe 92              cp      92h
56f7:3e 05              ld      a,5
56f9:28 0b              jr      z,5706h
56fb:dd cb 00 76        bit     6,(ix+0)
56ff:28 2b              jr      z,572ch
5701:21 00 39           ld      hl,3900h
5704:3e 0f              ld      a,0fh
5706:32 25 57           ld      (5725h),a
5709:fb                 ei      
570a:f3                 di      
570b:7e                 ld      a,(hl)
570c:a7                 and     a
570d:20 fa              jr      nz,5709h
570f:3a 86 56           ld      a,(5686h)
5712:77                 ld      (hl),a
5713:23                 inc     hl
5714:23                 inc     hl
5715:36 04              ld      (hl),4
5717:23                 inc     hl
5718:36 01              ld      (hl),1
571a:23                 inc     hl
571b:23                 inc     hl
571c:36 9d              ld      (hl),9dh
571e:dd cb 00 d6        set     2,(ix+0)
5722:d7                 rst     10h
5723:00                 nop     
5724:01 00 dd           db   1,0
5726:dd cb 00 56        db   0ddh
5727:cb 00              rlc     b
5729:56                 ld      d,(hl)
572a:20 fa              jr      nz,5726h
572c:dd cb 00 6e        bit     5,(ix+0)
5730:ca 9e 57           jp      z,579eh
5733:3e 01              ld      a,1
5735:32 ec fc           ld      (0fcech),a
5738:00                 nop     
5739:00                 nop     
573a:cd 3a 59           call    593ah
573d:dd cb 00 7e        bit     7,(ix+0)
5741:20 5e              jr      nz,57a1h
5743:3a f3 fc           ld      a,(0fcf3h)
5746:a7                 and     a
5747:21 2c 5b           ld      hl,5b2ch
574a:28 03              jr      z,574fh
574c:21 34 5b           ld      hl,5b34h
574f:cd a9 59           call    59a9h
5752:3a f3 fc           ld      a,(0fcf3h)
5755:a7                 and     a
5756:28 2a              jr      z,5782h
5758:21 3c 5b           ld      hl,5b3ch
575b:cd a9 59           call    59a9h
575e:2a 18 5a           ld      hl,(5a18h)
5761:01 c0 01           ld      bc,1c0h
5764:09                 add     hl,bc
5765:22 54 5a           ld      (5a54h),hl
5768:01 0a 00           ld      bc,0ah
576b:09                 add     hl,bc
576c:3e 2e              ld      a,2eh
576e:06 02              ld      b,2
5770:77                 ld      (hl),a
5771:23                 inc     hl
5772:10 fc              djnz    5770h
5774:3e 82              ld      a,82h
5776:32 53 5a           ld      (5a53h),a
5779:21 15 00           ld      hl,15h
577c:22 56 5a           ld      (5a56h),hl
577f:cd 4b 5a           call    5a4bh
5782:2a 1a 5b           ld      hl,(5b1ah)
5785:06 05              ld      b,5
5787:af                 xor     a
5788:23                 inc     hl
5789:77                 ld      (hl),a
578a:23                 inc     hl
578b:77                 ld      (hl),a
578c:23                 inc     hl
578d:77                 ld      (hl),a
578e:23                 inc     hl
578f:23                 inc     hl
5790:23                 inc     hl
5791:77                 ld      (hl),a
5792:10 fc              djnz    5790h
5794:23                 inc     hl
5795:06 04              ld      b,4
5797:23                 inc     hl
5798:77                 ld      (hl),a
5799:10 fc              djnz    5797h
579b:c3 d9 56           jp      56d9h
; ......................................................
579e:cd 3a 59           call    593ah
57a1:cd b0 5a           call    5ab0h
57a4:2a 1a 5b           ld      hl,(5b1ah)
57a7:cb fe              set     7,(hl)
57a9:c3 89 5b           jp      5b89h
; ......................................................
57ac:21 8f 56           ld      hl,568fh
57af:11 06 fc           ld      de,0fc06h
57b2:01 06 00           ld      bc,6
57b5:ed b0              ldir    
57b7:21 0c fc           ld      hl,0fc0ch
57ba:3a 8f 56           ld      a,(568fh)
57bd:77                 ld      (hl),a
57be:23                 inc     hl
57bf:3a 90 56           ld      a,(5690h)
57c2:77                 ld      (hl),a
57c3:23                 inc     hl
57c4:06 2f              ld      b,2fh
57c6:70                 ld      (hl),b
57c7:23                 inc     hl
57c8:3a 91 56           ld      a,(5691h)
57cb:77                 ld      (hl),a
57cc:23                 inc     hl
57cd:3a 92 56           ld      a,(5692h)
57d0:77                 ld      (hl),a
57d1:23                 inc     hl
57d2:70                 ld      (hl),b
57d3:23                 inc     hl
57d4:3a 93 56           ld      a,(5693h)
57d7:77                 ld      (hl),a
57d8:23                 inc     hl
57d9:3a 94 56           ld      a,(5694h)
57dc:77                 ld      (hl),a
57dd:3a 97 56           ld      a,(5697h)
57e0:e6 0f              and     0fh
57e2:32 aa ff           ld      (0ffaah),a
57e5:01 2b 00           ld      bc,2bh
57e8:28 09              jr      z,57f3h
57ea:01 f7 00           ld      bc,0f7h
57ed:3d                 dec     a
57ee:28 03              jr      z,57f3h
57f0:01 fb 00           ld      bc,0fbh
57f3:ed 5b 18 5a        ld      de,(5a18h)
57f7:d5                 push    de
57f8:21 00 20           ld      hl,2000h
57fb:22 18 5a           ld      (5a18h),hl
57fe:11 0a 00           ld      de,0ah
5801:cd 9a 59           call    599ah
5804:cd 12 5a           call    5a12h
5807:d1                 pop     de
5808:ed 53 18 5a        ld      (5a18h),de
580c:dd 21 8b 56        ld      ix,568bh
5810:3e 82              ld      a,82h
5812:cd 6c 59           call    596ch
5815:21 2c b4           ld      hl,0b42ch
5818:73                 ld      (hl),e
5819:dd 23              inc     ix
581b:dd 23              inc     ix
581d:3e 82              ld      a,82h
581f:cd 6c 59           call    596ch
5822:2b                 dec     hl
5823:73                 ld      (hl),e
5824:dd 21 98 56        ld      ix,5698h
5828:3e a2              ld      a,0a2h
582a:cd 6c 59           call    596ch
582d:21 f7 fc           ld      hl,0fcf7h
5830:73                 ld      (hl),e
5831:dd 23              inc     ix
5833:dd 23              inc     ix
5835:3e a2              ld      a,0a2h
5837:cd 6c 59           call    596ch
583a:23                 inc     hl
583b:73                 ld      (hl),e
583c:dd 23              inc     ix
583e:dd 23              inc     ix
5840:3e 84              ld      a,84h
5842:cd 6c 59           call    596ch
5845:23                 inc     hl
5846:73                 ld      (hl),e
5847:23                 inc     hl
5848:72                 ld      (hl),d
5849:3a f3 fc           ld      a,(0fcf3h)
584c:a7                 and     a
584d:28 2c              jr      z,587bh
584f:21 44 5b           ld      hl,5b44h
5852:cd a9 59           call    59a9h
5855:e5                 push    hl
5856:dd e1              pop     ix
5858:3a f3 fc           ld      a,(0fcf3h)
585b:5f                 ld      e,a
585c:16 13              ld      d,13h
585e:d5                 push    de
585f:fd e1              pop     iy
5861:11 01 00           ld      de,1
5864:01 02 01           ld      bc,102h
5867:21 95 56           ld      hl,5695h
586a:cd 6f 06           call    66fh
586d:cd 86 36           call    3686h
5870:ef                 rst     28h
5871:ca 36 59           jp      z,5936h
5874:23                 inc     hl
5875:23                 inc     hl
5876:cb 7e              bit     7,(hl)
5878:ca 31 59           jp      z,5931h
587b:21 3c 5b           ld      hl,5b3ch
587e:cd a9 59           call    59a9h
5881:01 15 00           ld      bc,15h
5884:11 c0 01           ld      de,1c0h
5887:2a 18 5a           ld      hl,(5a18h)
588a:19                 add     hl,de
588b:eb                 ex      de,hl
588c:21 8b 56           ld      hl,568bh
588f:ed b0              ldir    
5891:11 01 80           ld      de,8001h
5894:01 0b 00           ld      bc,0bh
5897:cd 9a 59           call    599ah
589a:cd 12 5a           call    5a12h
589d:2a 1a 5b           ld      hl,(5b1ah)
58a0:36 a0              ld      (hl),0a0h
58a2:23                 inc     hl
58a3:23                 inc     hl
58a4:23                 inc     hl
58a5:23                 inc     hl
58a6:3a 95 56           ld      a,(5695h)
58a9:77                 ld      (hl),a
58aa:32 ea ff           ld      (0ffeah),a
58ad:23                 inc     hl
58ae:3a 96 56           ld      a,(5696h)
58b1:77                 ld      (hl),a
58b2:32 eb ff           ld      (0ffebh),a
58b5:21 00 fc           ld      hl,0fc00h
58b8:3a 86 56           ld      a,(5686h)
58bb:77                 ld      (hl),a
58bc:21 25 5b           ld      hl,5b25h
58bf:11 52 5a           ld      de,5a52h
58c2:01 07 00           ld      bc,7
58c5:ed b0              ldir    
58c7:3e 01              ld      a,1
58c9:32 ed fc           ld      (0fcedh),a
58cc:2a 18 5a           ld      hl,(5a18h)
58cf:22 54 5a           ld      (5a54h),hl
58d2:cd 4b 5a           call    5a4bh
58d5:3a ed fc           ld      a,(0fcedh)
58d8:a7                 and     a
58d9:20 fa              jr      nz,58d5h
58db:3a 05 fc           ld      a,(0fc05h)
58de:e6 24              and     24h
58e0:20 14              jr      nz,58f6h
58e2:3a f3 fc           ld      a,(0fcf3h)
58e5:a7                 and     a
58e6:28 0e              jr      z,58f6h
58e8:21 e0 fc           ld      hl,0fce0h
58eb:36 10              ld      (hl),10h
58ed:d7                 rst     10h
58ee:00                 nop     
58ef:01 09 21           ld      bc,2109h
58f2:ac                 xor     h
58f3:ff                 rst     38h
58f4:36 30              ld      (hl),30h
58f6:cd 7e 5b           call    5b7eh
58f9:3e 4c              ld      a,4ch
58fb:32 52 5a           ld      (5a52h),a
58fe:cd 7a 59           call    597ah
5901:11 00 88           ld      de,8800h
5904:cd 0c 5c           call    5c0ch
5907:3a 05 fc           ld      a,(0fc05h)
590a:e6 2c              and     2ch
590c:28 0b              jr      z,5919h
590e:21 0f 5c           ld      hl,5c0fh
5911:36 40              ld      (hl),40h
5913:11 00 8a           ld      de,8a00h
5916:cd 0c 5c           call    5c0ch
5919:3a e9 ff           ld      a,(0ffe9h)
591c:a7                 and     a
591d:c2 d9 56           jp      nz,56d9h
5920:21 86 56           ld      hl,5686h
5923:cd 73 06           call    673h
5926:cd b0 37           call    37b0h
5929:ef                 rst     28h
592a:d7                 rst     10h
592b:00                 nop     
592c:01 0b c3           ld      bc,0c30bh
592f:dc 56 3e           db   0dch,56h
5931:3e 02              db   3eh
5932:02                 ld      (bc),a
5933:c3 d6 56           jp      56d6h
; ......................................................
5936:3e 01              ld      a,1
5938:18 f9              jr      5933h
; ......................................................
593a:2a 18 5a           ld      hl,(5a18h)
593d:3e 8d              ld      a,8dh
593f:32 53 5a           ld      (5a53h),a
5942:3a 86 56           ld      a,(5686h)
5945:c6 30              add     a,30h
5947:77                 ld      (hl),a
5948:23                 inc     hl
5949:77                 ld      (hl),a
594a:3a 00 fc           ld      a,(0fc00h)
594d:a7                 and     a
594e:28 03              jr      z,5953h
5950:c6 30              add     a,30h
5952:77                 ld      (hl),a
5953:23                 inc     hl
5954:3a 01 fc           ld      a,(0fc01h)
5957:77                 ld      (hl),a
5958:23                 inc     hl
5959:eb                 ex      de,hl
595a:01 20 00           ld      bc,20h
595d:21 5e 5b           ld      hl,5b5eh
5960:ed b0              ldir    
5962:21 23 00           ld      hl,23h
5965:22 56 5a           ld      (5a56h),hl
5968:cd 4b 5a           call    5a4bh
596b:c9                 ret     
; ......................................................
596c:cd 6b 06           call    66bh
596f:cd ef 34           call    34efh
5972:ef                 rst     28h
5973:c9                 ret     
; ......................................................
5974:f3                 di      
5975:af                 xor     a
5976:32 86 56           ld      (5686h),a
5979:c9                 ret     
; ......................................................
597a:5f                 ld      e,a
597b:cb 27              sla     a
597d:cb 27              sla     a
597f:83                 add     a,e
5980:83                 add     a,e
5981:5f                 ld      e,a
5982:16 00              ld      d,0
5984:21 4c 5b           ld      hl,5b4ch
5987:19                 add     hl,de
5988:7e                 ld      a,(hl)
5989:23                 inc     hl
598a:32 53 5a           ld      (5a53h),a
598d:22 54 5a           ld      (5a54h),hl
5990:21 05 00           ld      hl,5
5993:22 56 5a           ld      (5a56h),hl
5996:cd 4b 5a           call    5a4bh
5999:c9                 ret     
; ......................................................
599a:3a 01 fc           ld      a,(0fc01h)
599d:dd 21 12 5a        ld      ix,5a12h
59a1:cd 67 06           call    667h
59a4:cd 70 34           call    3470h
59a7:ef                 rst     28h
59a8:c9                 ret     
; ......................................................
59a9:11 1d 5b           ld      de,5b1dh
59ac:01 08 00           ld      bc,8
59af:ed b0              ldir    
59b1:3a 24 5b           ld      a,(5b24h)
59b4:32 53 5a           ld      (5a53h),a
59b7:2a 18 5a           ld      hl,(5a18h)
59ba:ed 5b 20 5b        ld      de,(5b20h)
59be:19                 add     hl,de
59bf:22 54 5a           ld      (5a54h),hl
59c2:11 01 00           ld      de,1
59c5:ed 53 18 5b        ld      (5b18h),de
59c9:ed 4b 1d 5b        ld      bc,(5b1dh)
59cd:cd 9a 59           call    599ah
59d0:cd 12 5a           call    5a12h
59d3:3a 53 5a           ld      a,(5a53h)
59d6:fe ff              cp      0ffh
59d8:c8                 ret     z
59d9:3a 1f 5b           ld      a,(5b1fh)
59dc:3d                 dec     a
59dd:32 1f 5b           ld      (5b1fh),a
59e0:28 1f              jr      z,5a01h
59e2:cd 9a 5a           call    5a9ah
59e5:ed 52              sbc     hl,de
59e7:22 56 5a           ld      (5a56h),hl
59ea:cd 4b 5a           call    5a4bh
59ed:2a 1d 5b           ld      hl,(5b1dh)
59f0:23                 inc     hl
59f1:22 1d 5b           ld      (5b1dh),hl
59f4:3a 1f 5b           ld      a,(5b1fh)
59f7:a7                 and     a
59f8:c8                 ret     z
59f9:2a 18 5a           ld      hl,(5a18h)
59fc:22 54 5a           ld      (5a54h),hl
59ff:18 c1              jr      59c2h
; ......................................................
5a01:cd 9a 5a           call    5a9ah
5a04:2a 22 5b           ld      hl,(5b22h)
5a07:23                 inc     hl
5a08:3a 53 5a           ld      a,(5a53h)
5a0b:cb ff              set     7,a
5a0d:32 53 5a           ld      (5a53h),a
5a10:18 d3              jr      59e5h
; ......................................................
5a12:d7                 rst     10h
5a13:08                 ex      af,af'
5a14:0b                 dec     bc
5a15:17                 rla     
5a16:00                 nop     
5a17:02                 ld      (bc),a
5a18:00                 nop     
5a19:00                 nop     
5a1a:00                 nop     
5a1b:00                 nop     
5a1c:00                 nop     
5a1d:00                 nop     
5a1e:1c                 inc     e
5a1f:5b                 ld      e,e
5a20:3a 1c 5b           ld      a,(5b1ch)
5a23:a7                 and     a
5a24:28 13              jr      z,5a39h
5a26:57                 ld      d,a
5a27:3a 86 56           ld      a,(5686h)
5a2a:5f                 ld      e,a
5a2b:cd 71 06           call    671h
5a2e:cd 50 37           call    3750h
5a31:ef                 rst     28h
5a32:d7                 rst     10h
5a33:00                 nop     
5a34:01 0b c3           ld      bc,0c30bh
5a37:d9                 exx     
5a38:56                 ld      d,(hl)
5a39:3e 01              ld      a,1
5a3b:32 52 5a           ld      (5a52h),a
5a3e:3a 86 56           ld      a,(5686h)
5a41:32 58 5a           ld      (5a58h),a
5a44:d7                 rst     10h
5a45:03                 inc     bc
5a46:03                 inc     bc
5a47:04                 inc     b
5a48:03                 inc     bc
5a49:00                 nop     
5a4a:c9                 ret     
; ......................................................
5a4b:0e 28              ld      c,28h
5a4d:d7                 rst     10h
5a4e:08                 ex      af,af'
5a4f:0b                 dec     bc
5a50:37                 scf     
5a51:13                 inc     de
5a52:01 00 00           ld      bc,0
5a55:00                 nop     
5a56:00                 nop     
5a57:00                 nop     
5a58:00                 nop     
5a59:1c                 inc     e
5a5a:5b                 ld      e,e
5a5b:3a 1c 5b           ld      a,(5b1ch)
5a5e:a7                 and     a
5a5f:57                 ld      d,a
5a60:28 d7              jr      z,5a39h
5a62:0d                 dec     c
5a63:20 2d              jr      nz,5a92h
5a65:dd 21 4d 5a        ld      ix,5a4dh
5a69:3e 01              ld      a,1
5a6b:32 52 5a           ld      (5a52h),a
5a6e:3a 00 fc           ld      a,(0fc00h)
5a71:a7                 and     a
5a72:28 0c              jr      z,5a80h
5a74:21 86 56           ld      hl,5686h
5a77:96                 sub     (hl)
5a78:3a 86 56           ld      a,(5686h)
5a7b:32 58 5a           ld      (5a58h),a
5a7e:20 a7              jr      nz,5a27h
5a80:0e 02              ld      c,2
5a82:cd 77 06           call    677h
5a85:cd 30 38           call    3830h
5a88:ef                 rst     28h
5a89:3a e9 ff           ld      a,(0ffe9h)
5a8c:a7                 and     a
5a8d:c2 d9 56           jp      nz,56d9h
5a90:18 ee              jr      5a80h
; ......................................................
5a92:d7                 rst     10h
5a93:03                 inc     bc
5a94:03                 inc     bc
5a95:04                 inc     b
5a96:03                 inc     bc
5a97:00                 nop     
5a98:18 b3              jr      5a4dh
; ......................................................
5a9a:11 00 02           ld      de,200h
5a9d:ed 4b 18 5a        ld      bc,(5a18h)
5aa1:2a 54 5a           ld      hl,(5a54h)
5aa4:a7                 and     a
5aa5:ed 42              sbc     hl,bc
5aa7:a7                 and     a
5aa8:ed 52              sbc     hl,de
5aaa:30 fc              jr      nc,5aa8h
5aac:19                 add     hl,de
5aad:eb                 ex      de,hl
5aae:a7                 and     a
5aaf:c9                 ret     
; ......................................................
5ab0:21 3c 5b           ld      hl,5b3ch
5ab3:cd a9 59           call    59a9h
5ab6:11 00 01           ld      de,100h
5ab9:2a 18 5a           ld      hl,(5a18h)
5abc:19                 add     hl,de
5abd:22 54 5a           ld      (5a54h),hl
5ac0:eb                 ex      de,hl
5ac1:21 0c fc           ld      hl,0fc0ch
5ac4:01 08 00           ld      bc,8
5ac7:ed b0              ldir    
5ac9:ed 53 d0 5a        ld      (5ad0h),de
5acd:d7                 rst     10h
5ace:0c                 inc     c
5acf:02                 ld      (bc),a
5ad0:00                 nop     
5ad1:00                 nop     
5ad2:21 05 00           ld      hl,5
5ad5:19                 add     hl,de
5ad6:3a 2b b4           ld      a,(0b42bh)
5ad9:77                 ld      (hl),a
5ada:23                 inc     hl
5adb:3a 2c b4           ld      a,(0b42ch)
5ade:77                 ld      (hl),a
5adf:23                 inc     hl
5ae0:eb                 ex      de,hl
5ae1:3a 86 56           ld      a,(5686h)
5ae4:3d                 dec     a
5ae5:07                 rlca    
5ae6:07                 rlca    
5ae7:07                 rlca    
5ae8:6f                 ld      l,a
5ae9:26 00              ld      h,0
5aeb:ed 4b 18 5a        ld      bc,(5a18h)
5aef:09                 add     hl,bc
5af0:01 08 00           ld      bc,8
5af3:ed b0              ldir    
5af5:3e 84              ld      a,84h
5af7:32 53 5a           ld      (5a53h),a
5afa:21 17 00           ld      hl,17h
5afd:22 56 5a           ld      (5a56h),hl
5b00:cd 4b 5a           call    5a4bh
5b03:3e 9f              ld      a,9fh
5b05:32 53 5a           ld      (5a53h),a
5b08:21 02 00           ld      hl,2
5b0b:22 56 5a           ld      (5a56h),hl
5b0e:21 ac ff           ld      hl,0ffach
5b11:22 54 5a           ld      (5a54h),hl
5b14:cd 4b 5a           call    5a4bh
5b17:c9                 ret     
; ......................................................
5b18:                   db   0,0,0,0,0,0,0,0,0,0,0,0,0,93h,80h,0,0,1,0,7eh
5b2c:                   db   0,1,3,0,0,59h,0,1,0,1,3,0,0,59h,0,19h,0bh,0
5b3e:                   db   1,0,0,0ffh,1,0ffh,0,0,1,0,0,0ffh,1,0ffh,88h
5b4d:                   db   "299  "
5b52:                   db   87h
5b53:                   db   "209"
5b56:                   db   6
5b57:                   db   " "
5b58:                   db   87h
5b59:                   db   "271"
5b5c:                   db   6
5b5d:                   db   "   31.10.1986        2           "
5b7e:cd b0 5a           call    5ab0h
5b81:af                 xor     a
5b82:32 e9 ff           ld      (0ffe9h),a
5b85:32 ec fc           ld      (0fcech),a
5b88:c9                 ret     
; ......................................................
5b89:cb 6e              bit     5,(hl)
5b8b:ca 19 59           jp      z,5919h
5b8e:af                 xor     a
5b8f:32 e9 ff           ld      (0ffe9h),a
5b92:32 ec fc           ld      (0fcech),a
5b95:c3 19 59           jp      5919h
; ......................................................
5b98:                   db   0,0,0,0,0,0,0,0,0,0,0,0,0,0,0,0,0,0,0,0,0,0
5bae:                   db   0,0,0,0,0,0,0,0,0,0,0,0,0,0,0,0,0,0,0,0,0,0
5bc4:                   db   0,0,0,0,0,0,0,0,0,0,0,0,0,0,0,0,0,0,0,0,0,0
5bda:                   db   0,0,0,0,0,0,0,0,0,0,0,0,0,0,0,0,0,0,0,0,0,0
5bf0:                   db   0,0,0,0,0,0,0,0,0,0,0,0,0,0,0,0,0
5c01:30 00              jr      nc,5c03h
5c03:8a                 adc     a,d
5c04:18 0a              jr      5c10h
; ......................................................
5c06:c3 99 60           jp      6099h
; ......................................................
5c09:c3 1c 5e           jp      5e1ch
; ......................................................
5c0c:c3 1c 60           jp      601ch
; ......................................................
5c0f:                   db   20h
5c10:3a 00 8a           ld      a,(8a00h)
5c13:a7                 and     a
5c14:ca cc 5d           jp      z,5dcch
5c17:d6 09              sub     9
5c19:30 25              jr      nc,5c40h
5c1b:c6 09              add     a,9
5c1d:32 cb 5f           ld      (5fcbh),a
5c20:47                 ld      b,a
5c21:11 10 00           ld      de,10h
5c24:21 4d fc           ld      hl,0fc4dh
5c27:19                 add     hl,de
5c28:10 fd              djnz    5c27h
5c2a:22 53 61           ld      (6153h),hl
5c2d:e5                 push    hl
5c2e:dd e1              pop     ix
5c30:23                 inc     hl
5c31:7e                 ld      a,(hl)
5c32:fe 92              cp      92h
5c34:28 1d              jr      z,5c53h
5c36:a7                 and     a
5c37:28 1a              jr      z,5c53h
5c39:af                 xor     a
5c3a:cd 06 5f           call    5f06h
5c3d:c3 c9 5d           jp      5dc9h
; ......................................................
5c40:3a 00 fc           ld      a,(0fc00h)
5c43:18 d8              jr      5c1dh
; ......................................................
5c45:3a 06 8a           ld      a,(8a06h)
5c48:fe 33              cp      33h
5c4a:20 ed              jr      nz,5c39h
5c4c:3a 07 8a           ld      a,(8a07h)
5c4f:fe 33              cp      33h
5c51:20 e6              jr      nz,5c39h
5c53:dd 6e 0a           ld      l,(ix+0ah)
5c56:dd 66 0b           ld      h,(ix+0bh)
5c59:22 51 61           ld      (6151h),hl
5c5c:dd cb 00 7e        bit     7,(ix+0)
5c60:28 2d              jr      z,5c8fh
5c62:3a 02 8a           ld      a,(8a02h)
5c65:d6 05              sub     5
5c67:30 2a              jr      nc,5c93h
5c69:c6 04              add     a,4
5c6b:30 26              jr      nc,5c93h
5c6d:c2 91 5d           jp      nz,5d91h
5c70:3a 05 8a           ld      a,(8a05h)
5c73:d6 91              sub     91h
5c75:20 20              jr      nz,5c97h
5c77:21 8d 61           ld      hl,618dh
5c7a:cd 39 5f           call    5f39h
5c7d:21 97 61           ld      hl,6197h
5c80:cd a1 5f           call    5fa1h
5c83:21 9c 61           ld      hl,619ch
5c86:cd a1 5f           call    5fa1h
5c89:cd f5 5f           call    5ff5h
5c8c:c3 cc 5d           jp      5dcch
; ......................................................
5c8f:3e 03              ld      a,3
5c91:18 a7              jr      5c3ah
; ......................................................
5c93:3e 02              ld      a,2
5c95:18 a3              jr      5c3ah
; ......................................................
5c97:21 00 8a           ld      hl,8a00h
5c9a:11 6c 61           ld      de,616ch
5c9d:01 08 00           ld      bc,8
5ca0:ed b0              ldir    
5ca2:dd 21 06 8a        ld      ix,8a06h
5ca6:3e 82              ld      a,82h
5ca8:cd 08 60           call    6008h
5cab:7b                 ld      a,e
5cac:d6 2b              sub     2bh
5cae:d2 55 5d           jp      nc,5d55h
5cb1:c6 2b              add     a,2bh
5cb3:32 4e 61           ld      (614eh),a
5cb6:20 1f              jr      nz,5cd7h
5cb8:cd 69 5e           call    5e69h
5cbb:21 92 61           ld      hl,6192h
5cbe:cd 39 5f           call    5f39h
5cc1:21 a1 61           ld      hl,61a1h
5cc4:cd a1 5f           call    5fa1h
5cc7:af                 xor     a
5cc8:32 4f 61           ld      (614fh),a
5ccb:21 74 61           ld      hl,6174h
5cce:cd 39 5f           call    5f39h
5cd1:21 a6 61           ld      hl,61a6h
5cd4:c3 86 5c           jp      5c86h
; ......................................................
5cd7:3a f3 fc           ld      a,(0fcf3h)
5cda:a7                 and     a
5cdb:20 10              jr      nz,5cedh
5cdd:3a 4e 61           ld      a,(614eh)
5ce0:fe 04              cp      4
5ce2:28 09              jr      z,5cedh
5ce4:fe 19              cp      19h
5ce6:28 05              jr      z,5cedh
5ce8:3e 01              ld      a,1
5cea:c3 3a 5c           jp      5c3ah
; ......................................................
5ced:11 eb 60           ld      de,60ebh
5cf0:3a 4e 61           ld      a,(614eh)
5cf3:6f                 ld      l,a
5cf4:26 00              ld      h,0
5cf6:19                 add     hl,de
5cf7:7e                 ld      a,(hl)
5cf8:e6 0f              and     0fh
5cfa:32 57 61           ld      (6157h),a
5cfd:7e                 ld      a,(hl)
5cfe:cb 3f              srl     a
5d00:cb 3f              srl     a
5d02:cb 3f              srl     a
5d04:cb 3f              srl     a
5d06:3d                 dec     a
5d07:28 09              jr      z,5d12h
5d09:cd dd 5e           call    5eddh
5d0c:fd 2a 55 61        ld      iy,(6155h)
5d10:fd e9              jp      (iy)
; ......................................................
5d12:3a 05 fc           ld      a,(0fc05h)
5d15:e6 24              and     24h
5d17:20 25              jr      nz,5d3eh
5d19:cd 94 5e           call    5e94h
5d1c:06 3c              ld      b,3ch
5d1e:21 21 fc           ld      hl,0fc21h
5d21:cb 76              bit     6,(hl)
5d23:28 08              jr      z,5d2dh
5d25:cb 6e              bit     5,(hl)
5d27:20 04              jr      nz,5d2dh
5d29:cb 56              bit     2,(hl)
5d2b:28 15              jr      z,5d42h
5d2d:23                 inc     hl
5d2e:10 f1              djnz    5d21h
5d30:cd 80 60           call    6080h
5d33:21 04 fc           ld      hl,0fc04h
5d36:36 c0              ld      (hl),0c0h
5d38:d7                 rst     10h
5d39:05                 dec     b
5d3a:01 10 18           ld      bc,1810h
5d3d:cb 3e              db   0cbh
5d3e:3e 04              db   3eh
5d3f:04                 inc     b
5d40:18 02              jr      5d44h
; ......................................................
5d42:3e 05              ld      a,5
5d44:c3 3a 5c           jp      5c3ah
; ......................................................
5d47:11 00 88           ld      de,8800h
5d4a:cd 1c 60           call    601ch
5d4d:3e 06              ld      a,6
5d4f:18 f3              jr      5d44h
; ......................................................
5d51:3e 0c              ld      a,0ch
5d53:18 ef              jr      5d44h
; ......................................................
5d55:d6 25              sub     25h
5d57:38 f8              jr      c,5d51h
5d59:3a 05 fc           ld      a,(0fc05h)
5d5c:e6 24              and     24h
5d5e:20 de              jr      nz,5d3eh
5d60:3a e0 fc           ld      a,(0fce0h)
5d63:e6 10              and     10h
5d65:28 d7              jr      z,5d3eh
5d67:f3                 di      
5d68:2a f1 fc           ld      hl,(0fcf1h)
5d6b:7e                 ld      a,(hl)
5d6c:a7                 and     a
5d6d:28 08              jr      z,5d77h
5d6f:d7                 rst     10h
5d70:03                 inc     bc
5d71:03                 inc     bc
5d72:04                 inc     b
5d73:10 00              djnz    5d75h
5d75:18 f0              jr      5d67h
; ......................................................
5d77:01 08 00           ld      bc,8
5d7a:eb                 ex      de,hl
5d7b:21 00 8a           ld      hl,8a00h
5d7e:ed b0              ldir    
5d80:d7                 rst     10h
5d81:00                 nop     
5d82:01 08 c3           ld      bc,0c308h
5d85:1c                 inc     e
5d86:5e                 ld      e,(hl)
5d87:3a 4e 61           ld      a,(614eh)
5d8a:a7                 and     a
5d8b:ca 93 5c           jp      z,5c93h
5d8e:c3 0c 5d           jp      5d0ch
; ......................................................
5d91:fe 03              cp      3
5d93:20 f2              jr      nz,5d87h
5d95:3a 05 8a           ld      a,(8a05h)
5d98:fe 9d              cp      9dh
5d9a:ca 1c 5e           jp      z,5e1ch
5d9d:fe 11              cp      11h
5d9f:28 46              jr      z,5de7h
5da1:d6 83              sub     83h
5da3:28 35              jr      z,5ddah
5da5:3d                 dec     a
5da6:20 eb              jr      nz,5d93h
5da8:cd 77 5e           call    5e77h
5dab:cd 8a 5e           call    5e8ah
5dae:7e                 ld      a,(hl)
5daf:fe 05              cp      5
5db1:28 1c              jr      z,5dcfh
5db3:47                 ld      b,a
5db4:cb 27              sla     a
5db6:cb 27              sla     a
5db8:80                 add     a,b
5db9:5f                 ld      e,a
5dba:16 00              ld      d,0
5dbc:21 74 61           ld      hl,6174h
5dbf:19                 add     hl,de
5dc0:cd 39 5f           call    5f39h
5dc3:21 a6 61           ld      hl,61a6h
5dc6:cd a1 5f           call    5fa1h
5dc9:cd ef 5f           call    5fefh
5dcc:d7                 rst     10h
5dcd:01 80 35           db   1,80h
5dcf:35                 dec     (hl)
5dd0:3e 07              ld      a,7
5dd2:c3 3a 5c           jp      5c3ah
; ......................................................
5dd5:34                 inc     (hl)
5dd6:3e 08              ld      a,8
5dd8:18 f8              jr      5dd2h
; ......................................................
5dda:cd 77 5e           call    5e77h
5ddd:cd 8f 5e           call    5e8fh
5de0:3e ff              ld      a,0ffh
5de2:be                 cp      (hl)
5de3:28 f0              jr      z,5dd5h
5de5:18 c7              jr      5daeh
; ......................................................
5de7:3a 4e 61           ld      a,(614eh)
5dea:3d                 dec     a
5deb:28 17              jr      z,5e04h
5ded:3d                 dec     a
5dee:28 14              jr      z,5e04h
5df0:d6 17              sub     17h
5df2:00                 nop     
5df3:00                 nop     
5df4:28 0e              jr      z,5e04h
5df6:d6 09              sub     9
5df8:28 0a              jr      z,5e04h
5dfa:3d                 dec     a
5dfb:28 07              jr      z,5e04h
5dfd:3d                 dec     a
5dfe:28 04              jr      z,5e04h
5e00:d6 03              sub     3
5e02:20 8f              jr      nz,5d93h
5e04:3a 04 fc           ld      a,(0fc04h)
5e07:a7                 and     a
5e08:20 89              jr      nz,5d93h
5e0a:cd 94 5e           call    5e94h
5e0d:11 01 87           ld      de,8701h
5e10:cd 1c 60           call    601ch
5e13:cd 05 60           call    6005h
5e16:cd 10 60           call    6010h
5e19:c3 30 5d           jp      5d30h
; ......................................................
5e1c:3a 01 8a           ld      a,(8a01h)
5e1f:fe ff              cp      0ffh
5e21:28 05              jr      z,5e28h
5e23:3e 09              ld      a,9
5e25:cd 06 5f           call    5f06h
5e28:f3                 di      
5e29:2a 53 61           ld      hl,(6153h)
5e2c:36 a0              ld      (hl),0a0h
5e2e:af                 xor     a
5e2f:23                 inc     hl
5e30:77                 ld      (hl),a
5e31:23                 inc     hl
5e32:77                 ld      (hl),a
5e33:23                 inc     hl
5e34:77                 ld      (hl),a
5e35:23                 inc     hl
5e36:23                 inc     hl
5e37:06 05              ld      b,5
5e39:23                 inc     hl
5e3a:77                 ld      (hl),a
5e3b:10 fc              djnz    5e39h
5e3d:23                 inc     hl
5e3e:06 04              ld      b,4
5e40:23                 inc     hl
5e41:77                 ld      (hl),a
5e42:10 fc              djnz    5e40h
5e44:3a 04 fc           ld      a,(0fc04h)
5e47:a7                 and     a
5e48:28 0e              jr      z,5e58h
5e4a:11 00 88           ld      de,8800h
5e4d:cd 1c 60           call    601ch
5e50:d7                 rst     10h
5e51:06 01              ld      b,1
5e53:10 d7              djnz    5e2ch
5e55:00                 nop     
5e56:01 10 af           db   1,10h
5e58:af                 xor     a
5e59:32 04 fc           ld      (0fc04h),a
5e5c:21 05 fc           ld      hl,0fc05h
5e5f:cb 8e              res     1,(hl)
5e61:3e ff              ld      a,0ffh
5e63:32 4e 61           ld      (614eh),a
5e66:c3 89 5c           jp      5c89h
; ......................................................
5e69:ed 5b 53 61        ld      de,(6153h)
5e6d:01 03 00           ld      bc,3
5e70:21 05 8a           ld      hl,8a05h
5e73:13                 inc     de
5e74:ed b0              ldir    
5e76:c9                 ret     
; ......................................................
5e77:dd 2a 53 61        ld      ix,(6153h)
5e7b:dd 23              inc     ix
5e7d:dd 23              inc     ix
5e7f:3e 82              ld      a,82h
5e81:cd 08 60           call    6008h
5e84:7b                 ld      a,e
5e85:a7                 and     a
5e86:c8                 ret     z
5e87:c2 93 5d           jp      nz,5d93h
5e8a:21 4f 61           ld      hl,614fh
5e8d:34                 inc     (hl)
5e8e:c9                 ret     
; ......................................................
5e8f:21 4f 61           ld      hl,614fh
5e92:35                 dec     (hl)
5e93:c9                 ret     
; ......................................................
5e94:21 5a 61           ld      hl,615ah
5e97:06 11              ld      b,11h
5e99:3e 20              ld      a,20h
5e9b:23                 inc     hl
5e9c:77                 ld      (hl),a
5e9d:10 fc              djnz    5e9bh
5e9f:e5                 push    hl
5ea0:dd e1              pop     ix
5ea2:11 10 00           ld      de,10h
5ea5:21 cd fc           ld      hl,0fccdh
5ea8:f3                 di      
5ea9:01 00 08           ld      bc,800h
5eac:cb 76              bit     6,(hl)
5eae:20 24              jr      nz,5ed4h
5eb0:dd 2b              dec     ix
5eb2:dd 2b              dec     ix
5eb4:a7                 and     a
5eb5:ed 52              sbc     hl,de
5eb7:10 f3              djnz    5each
5eb9:79                 ld      a,c
5eba:a7                 and     a
5ebb:c8                 ret     z
5ebc:fb                 ei      
5ebd:21 58 61           ld      hl,6158h
5ec0:22 c7 5f           ld      (5fc7h),hl
5ec3:3e 88              ld      a,88h
5ec5:21 15 00           ld      hl,15h
5ec8:32 c6 5f           ld      (5fc6h),a
5ecb:22 c9 5f           ld      (5fc9h),hl
5ece:cd ba 5f           call    5fbah
5ed1:c3 c9 5d           jp      5dc9h
; ......................................................
5ed4:78                 ld      a,b
5ed5:c6 30              add     a,30h
5ed7:dd 77 00           ld      (ix+0),a
5eda:0c                 inc     c
5edb:18 d3              jr      5eb0h
; ......................................................
5edd:3a 57 61           ld      a,(6157h)
5ee0:21 fb fc           ld      hl,0fcfbh
5ee3:be                 cp      (hl)
5ee4:c8                 ret     z
5ee5:47                 ld      b,a
5ee6:cb 27              sla     a
5ee8:cb 27              sla     a
5eea:80                 add     a,b
5eeb:5f                 ld      e,a
5eec:16 00              ld      d,0
5eee:21 17 61           ld      hl,6117h
5ef1:19                 add     hl,de
5ef2:7e                 ld      a,(hl)
5ef3:32 55 61           ld      (6155h),a
5ef6:23                 inc     hl
5ef7:7e                 ld      a,(hl)
5ef8:32 56 61           ld      (6156h),a
5efb:2b                 dec     hl
5efc:cd 39 5f           call    5f39h
5eff:3a 57 61           ld      a,(6157h)
5f02:32 fb fc           ld      (0fcfbh),a
5f05:c9                 ret     
; ......................................................
5f06:cb 27              sla     a
5f08:cb 27              sla     a
5f0a:5f                 ld      e,a
5f0b:16 00              ld      d,0
5f0d:21 bf 61           ld      hl,61bfh
5f10:19                 add     hl,de
5f11:4e                 ld      c,(hl)
5f12:23                 inc     hl
5f13:46                 ld      b,(hl)
5f14:23                 inc     hl
5f15:7e                 ld      a,(hl)
5f16:32 c6 5f           ld      (5fc6h),a
5f19:23                 inc     hl
5f1a:7e                 ld      a,(hl)
5f1b:dd 21 5b 61        ld      ix,615bh
5f1f:dd 77 03           ld      (ix+3),a
5f22:dd 36 04 20        ld      (ix+4),20h
5f26:dd 22 c7 5f        ld      (5fc7h),ix
5f2a:21 05 00           ld      hl,5
5f2d:22 c9 5f           ld      (5fc9h),hl
5f30:3e 43              ld      a,43h
5f32:cd 08 60           call    6008h
5f35:cd ba 5f           call    5fbah
5f38:c9                 ret     
; ......................................................
5f39:7e                 ld      a,(hl)
5f3a:32 64 5f           ld      (5f64h),a
5f3d:23                 inc     hl
5f3e:b6                 or      (hl)
5f3f:28 56              jr      z,5f97h
5f41:7e                 ld      a,(hl)
5f42:32 65 5f           ld      (5f65h),a
5f45:23                 inc     hl
5f46:4e                 ld      c,(hl)
5f47:23                 inc     hl
5f48:46                 ld      b,(hl)
5f49:23                 inc     hl
5f4a:7e                 ld      a,(hl)
5f4b:a7                 and     a
5f4c:c8                 ret     z
5f4d:5f                 ld      e,a
5f4e:16 00              ld      d,0
5f50:3a 01 fc           ld      a,(0fc01h)
5f53:dd 21 5e 5f        ld      ix,5f5eh
5f57:cd 67 06           call    667h
5f5a:cd 70 34           call    3470h
5f5d:ef                 rst     28h
5f5e:d7                 rst     10h
5f5f:08                 ex      af,af'
5f60:0b                 dec     bc
5f61:37                 scf     
5f62:00                 nop     
5f63:02                 ld      (bc),a
5f64:00                 nop     
5f65:00                 nop     
5f66:00                 nop     
5f67:00                 nop     
5f68:00                 nop     
5f69:00                 nop     
5f6a:50                 ld      d,b
5f6b:61                 ld      h,c
5f6c:cd e2 5f           call    5fe2h
5f6f:28 77              jr      z,5fe8h
5f71:3a 05 8a           ld      a,(8a05h)
5f74:d6 93              sub     93h
5f76:20 03              jr      nz,5f7bh
5f78:32 fb fc           ld      (0fcfbh),a
5f7b:cd 81 5f           call    5f81h
5f7e:c3 c9 5d           jp      5dc9h
; ......................................................
5f81:3a 00 8a           ld      a,(8a00h)
5f84:5f                 ld      e,a
5f85:cd 71 06           call    671h
5f88:cd 50 37           call    3750h
5f8b:ef                 rst     28h
5f8c:d7                 rst     10h
5f8d:00                 nop     
5f8e:01 0b d7           ld      bc,0d70bh
5f91:03                 inc     bc
5f92:03                 inc     bc
5f93:03                 inc     bc
5f94:01 00 c9           ld      bc,0c900h
5f97:ed 5b 51 61        ld      de,(6151h)
5f9b:ed 53 64 5f        ld      (5f64h),de
5f9f:18 a4              jr      5f45h
; ......................................................
5fa1:5e                 ld      e,(hl)
5fa2:23                 inc     hl
5fa3:56                 ld      d,(hl)
5fa4:e5                 push    hl
5fa5:2a 51 61           ld      hl,(6151h)
5fa8:19                 add     hl,de
5fa9:22 c7 5f           ld      (5fc7h),hl
5fac:e1                 pop     hl
5fad:23                 inc     hl
5fae:5e                 ld      e,(hl)
5faf:23                 inc     hl
5fb0:56                 ld      d,(hl)
5fb1:ed 53 c9 5f        ld      (5fc9h),de
5fb5:23                 inc     hl
5fb6:7e                 ld      a,(hl)
5fb7:32 c6 5f           ld      (5fc6h),a
5fba:0e 28              ld      c,28h
5fbc:dd 21 c0 5f        ld      ix,5fc0h
5fc0:d7                 rst     10h
5fc1:08                 ex      af,af'
5fc2:0b                 dec     bc
5fc3:37                 scf     
5fc4:13                 inc     de
5fc5:01 00 00           ld      bc,0
5fc8:00                 nop     
5fc9:01 00 00           ld      bc,0
5fcc:50                 ld      d,b
5fcd:61                 ld      h,c
5fce:cd e2 5f           call    5fe2h
5fd1:28 15              jr      z,5fe8h
5fd3:0d                 dec     c
5fd4:28 05              jr      z,5fdbh
5fd6:cd e8 5f           call    5fe8h
5fd9:18 e5              jr      5fc0h
; ......................................................
5fdb:21 c5 5f           ld      hl,5fc5h
5fde:36 01              ld      (hl),1
5fe0:18 99              jr      5f7bh
; ......................................................
5fe2:3a 50 61           ld      a,(6150h)
5fe5:a7                 and     a
5fe6:57                 ld      d,a
5fe7:c9                 ret     
; ......................................................
5fe8:d7                 rst     10h
5fe9:03                 inc     bc
5fea:03                 inc     bc
5feb:04                 inc     b
5fec:03                 inc     bc
5fed:00                 nop     
5fee:c9                 ret     
; ......................................................
5fef:f3                 di      
5ff0:af                 xor     a
5ff1:32 00 8a           ld      (8a00h),a
5ff4:c9                 ret     
; ......................................................
5ff5:a7                 and     a
5ff6:21 00 8a           ld      hl,8a00h
5ff9:cd 73 06           call    673h
5ffc:cd b0 37           call    37b0h
5fff:ef                 rst     28h
6000:d7                 rst     10h
6001:00                 nop     
6002:01 0b c9           ld      bc,0c90bh
6005:37                 scf     
6006:18 ee              jr      5ff6h
