Detekovan procesor 80486/750.00 MHz - emulator VirtualBox
---------------------------------- 
prefix ES:   : 0.075 us, 56 taktu
AAA          : 0.006 us, 5 taktu
AAD          : 0.009 us, 6 taktu
AAM          : 0.014 us, 11 taktu
AAS          : 0.007 us, 5 taktu
ADC AL,BL    : 0.008 us, 6 taktu
ADD AL,BL    : 0.008 us, 6 taktu
ADD CL,DL    : 0.008 us, 6 taktu
ADD AL,[adr] : 0.016 us, 12 taktu
ADD AL,12    : 0.009 us, 7 taktu
ADD BL,12    : 0.011 us, 9 taktu
AND AL,BL    : 0.008 us, 6 taktu
CALL NEAR    : 0.026 us, 20 taktu
CALL BX      : 0.596 us, 447 taktu
CALL FAR     : 0.236 us, 177 taktu
CBW          : 0.004 us, 3 takty
CLC          : 0.004 us, 3 takty
CLD          : 0.006 us, 4 takty
CLI          : 0.020 us, 15 taktu
CMC          : 0.004 us, 3 takty
CMP AX,BX    : 0.008 us, 6 taktu
CMPSB        : 0.005 us, 4 takty
CMPSW        : 0.086 us, 65 taktu
CWD          : 0.004 us, 3 takty
DAA          : 0.005 us, 4 takty
DAS          : 0.005 us, 4 takty
DEC AX       : 0.004 us, 3 takty
DIV CX       : 0.050 us, 38 taktu
IDIV CX      : 0.051 us, 38 taktu
IMUL CX      : 0.054 us, 41 taktu
IN AL,[61h]  : 12.649 us, 9487 taktu
IN AX,[61h]  : 13.108 us, 9831 taktu
IN AL,DX     : 5.688 us, 4266 taktu
IN AX,DX     : 5.960 us, 4470 taktu
INC AX       : 0.004 us, 3 takty
INSB         : 6.583 us, 4937 taktu
INT 23       : 3.046 us, 2285 taktu
INT3         : 18.568 us, 13926 taktu
IRET         : 2.905 us, 2179 taktu
JC     (ano) : 0.014 us, 10 taktu
JC     (ne)  : 0.010 us, 8 taktu
JC NEAR (ano): 0.021 us, 16 taktu
JC NEAR (ne) : 0.018 us, 13 taktu
JCXZ   (ano) : 0.021 us, 16 taktu
JCXZ   (ne)  : 0.013 us, 10 taktu
JMP SHORT    : 10.544 us, 7908 taktu
JMP NEAR     : 0.701 us, 526 taktu
LAHF         : 0.005 us, 4 takty
LES SI,[adr] : 3.448 us, 2586 taktu
LEA AX,[BX]  : 0.009 us, 7 taktu
LOCK         : 0.010 us, 7 taktu
LODSB        : 0.005 us, 3 takty
LODSW        : 0.005 us, 4 takty
LOOP   (ano) : 0.893 us, 670 taktu
LOOP   (ne)  : 0.078 us, 58 taktu
LOOPE  (ano) : 0.026 us, 20 taktu
LOOPE  (ne)  : 0.066 us, 50 taktu
MOV AL,12    : 0.009 us, 7 taktu
MOV AX,1234  : 0.012 us, 9 taktu
MOV BX,1234  : 0.014 us, 10 taktu
MOV BL,CL    : 0.010 us, 7 taktu
MOV BX,CX    : 0.008 us, 6 taktu
MOV AL,[SI]  : 0.010 us, 7 taktu
MOV ES,AX    : 0.027 us, 20 taktu
MOV [0],1234 : 0.024 us, 18 taktu
MOVSB        : 0.001 us, 1 takt
MOVSW        : 0.060 us, 45 taktu
MUL CX       : 0.009 us, 7 taktu
MUL BYTE[adr]: 0.017 us, 13 taktu
NEG AX       : 0.008 us, 6 taktu
NOP          : 0.004 us, 3 takty
NOT AX       : 0.008 us, 6 taktu
NOT AL       : 0.008 us, 6 taktu
OR AL,BL     : 0.008 us, 6 taktu
OUT [61],AL  : 1.613 us, 1210 taktu
OUT DX,AL    : 5.117 us, 3837 taktu
POP AX       : 0.044 us, 33 taktu
PUSH AX      : 0.005 us, 3 takty
PUSHF        : 4.529 us, 3397 taktu
RCL AX,1     : 0.008 us, 6 taktu
RCL AX,CL    : 0.010 us, 8 taktu
RCL AX,8     : 0.014 us, 10 taktu
REP          : 0.021 us, 16 taktu
RET NEAR     : 0.458 us, 343 taktu
RET FAR      : 0.513 us, 385 taktu
ROL AX,1     : 0.007 us, 6 taktu
SAHF         : 0.005 us, 3 takty
SAR AX,1     : 0.008 us, 6 taktu
SBB AX,BX    : 0.008 us, 6 taktu
SCASB        : 0.004 us, 3 takty
SCASW        : 0.123 us, 92 taktu
SHL AX,1     : 0.008 us, 6 taktu
SHR AX,1     : 0.008 us, 6 taktu
STC          : 0.004 us, 3 takty
STD          : 0.006 us, 4 takty
STI          : 0.019 us, 14 taktu
STOSB        : 0.005 us, 3 takty
STOSW        : 0.103 us, 77 taktu
SUB AX,BX    : 0.009 us, 6 taktu
TEST AX,BX   : 0.008 us, 6 taktu
XCHG AX,BX   : 0.004 us, 3 takty
XCHG BX,CX   : 0.008 us, 6 taktu
XLAT         : 0.008 us, 6 taktu
XOR AX,BX    : 0.008 us, 6 taktu
