; -----------------------------------------------------------------------------
;                       Tabulky pevn˜ch disk–
; -----------------------------------------------------------------------------

;                                         ;* ztruktura tabulky pevn‚ho disku 1
;
;        dw        306                      ; 0:po‡et v lc– disku
;        db        4                        ; 2:po‡et hlav disku
;        dw        0                        ; 3:po‡ t. v lec redukce z pisu (XT)
;        dw        128                      ; 5:po‡ te‡n¡ v lec pro p©edkompenzaci
;        db        0                        ; 7:maxim ln¡ d‚lka ECC burst
;        db        0                        ; 8:©¡dic¡ bajt:
;                                           ;    bity 0-2: volba disku (jen XT)
;                                           ;    bit 3:1=je v¡ce ne‘ 8 hlav
;                                           ;    bit 4:v‘dy 0
;                                           ;    bit 5:1=tov rn¡ mapa vadn˜ch
;                                           ;            stop na v lci MAX+1
;                                           ;    bit 6:1=nemo‘n‚ opakov n¡ ECC
;                                           ;    bit 7:1=zak z opakov n¡ vystav.
;        db        0                        ; 9:standardn¡ TIME-OUT (jen XT)
;        db        0                        ;10:TIME-OUT form tov n¡ (jen XT)
;        db        0                        ;11:TIME-OUT kontroly disku (jen XT)
;        dw        0                        ;12:parkovac¡ z¢na (jen AT/PS2)
;        db        0                        ;14:po‡et sektor– na stopu (AT/PS2)
;        db        0                        ;15:rezerva (v‘dy 0)
;

                                          ;* pevn˜ disk typu 1 (10 MB)
         dw        306                      ; celkov˜ po‡et v lc– na disku
         db        4                        ; celkov˜ po‡et hlav disku
         dw        0,128                    ; redukce (XT), p©edkompenzace
         db        0,0,0,0,0                ; ECC, ©¡zen¡, TIME-OUT (XT)
         dw        305                      ; parkovac¡ z¢na (AT,PS2)
         db        17,0                     ; po‡et sektor– na stopu (AT,PS2)

                                          ;* pevn˜ disk typu 2 (21 MB)
         dw        615                      ; celkov˜ po‡et v lc– na disku
         db        4                        ; celkov˜ po‡et hlav disku
         dw        0,300                    ; redukce (XT), p©edkompenzace
         db        0,0,0,0,0                ; ECC, ©¡zen¡, TIME-OUT (XT)
         dw        615                      ; parkovac¡ z¢na (AT,PS2)
         db        17,0                     ; po‡et sektor– na stopu (AT,PS2)

                                          ;* pevn˜ disk typu 3 (31 MB)
         dw        615                      ; celkov˜ po‡et v lc– na disku
         db        6                        ; celkov˜ po‡et hlav disku
         dw        0,300                    ; redukce (XT), p©edkompenzace
         db        0,0,0,0,0                ; ECC, ©¡zen¡, TIME-OUT (XT)
         dw        615                      ; parkovac¡ z¢na (AT,PS2)
         db        17,0                     ; po‡et sektor– na stopu (AT,PS2)


                                          ;* pevn˜ disk typu 4 (64 MB)
         dw        940                      ; celkov˜ po‡et v lc– na disku
         db        8                        ; celkov˜ po‡et hlav disku
         dw        0,512                    ; redukce (XT), p©edkompenzace
         db        0,0,0,0,0                ; ECC, ©¡zen¡, TIME-OUT (XT)
         dw        940                      ; parkovac¡ z¢na (AT,PS2)
         db        17,0                     ; po‡et sektor– na stopu (AT,PS2)

                                          ;* pevn˜ disk typu 5 (48 MB)
         dw        940                      ; celkov˜ po‡et v lc– na disku
         db        6                        ; celkov˜ po‡et hlav disku
         dw        0,512                    ; redukce (XT), p©edkompenzace
         db        0,0,0,0,0                ; ECC, ©¡zen¡, TIME-OUT (XT)
         dw        940                      ; parkovac¡ z¢na (AT,PS2)
         db        17,0                     ; po‡et sektor– na stopu (AT,PS2)

940
db AC 03 06 00 00 00 02-00 00 00 00 00 AC 03 11 00   ;5
db 67 02 04 00 00 FF FF-00 00 00 00 00 67 02 11 00   ;6
db CE 01 08 00 00 00 01-00 00 00 00 00 FF 01 11 00   ;7
db DD 02 05 00 00 FF FF-00 00 00 00 00 DD 02 11 00   ;8
db 84 03 0F 00 00 FF FF-00 08 00 00 00 85 03 11 00   ;9
db 34 03 03 00 00 FF FF-00 00 00 00 00 34 03 11 00   ;10
db 57 03 05 00 00 FF FF-00 00 00 00 00 57 03 11 00   ;11
db 57 03 07 00 00 FF FF-00 00 00 00 00 57 03 11 00   ;12
db 32 01 08 00 00 80 00-00 00 00 00 00 3F 01 11 00   ;13
db DD 02 07 00 00 FF FF-00 00 00 00 00 DD 02 11 00   ;14
db 00 00 00 00 00 00 00-00 00 00 00 00 00 00 00 00   ;15
db 64 02 04 00 00 00 00-00 00 00 00 00 97 02 11 00   ;16
db D1 03 05 00 00 2C 01-00 00 00 00 00 D1 03 11 00   ;17
db D1 03 07 00 00 FF FF-00 00 00 00 00 D1 03 11 00   ;18
db 00 04 07 00 00 00 02-00 00 00 00 00 FF 03 11 00   ;19
db DD 02 05 00 00 2C 01-00 00 00 00 00 DC 02 11 00   ;20
db DD 02 07 00 00 2C 01-00 00 00 00 00 DC 02 11 00   ;21
db DD 02 05 00 00 2C 01-00 00 00 00 00 DD 02 11 00   ;22
db 32 01 04 00 00 00 00-00 00 00 00 00 50 01 11 00   ;23
db 9D 03 07 00 00 00 00-00 00 00 00 00 9D 03 11 00   ;24
db 9D 03 09 00 00 FF FF-00 08 00 00 00 9D 03 11 00   ;25
db F2 02 07 00 00 F2 02-00 00 00 00 00 F2 02 11 00   ;26
db F2 02 0B 00 00 FF FF-00 08 00 00 00 F2 02 11 00   ;27
db BB 02 07 00 00 00 01-00 00 00 00 00 BB 02 11 00   ;28
db 37 03 0A 00 00 FF FF-00 08 00 00 00 37 03 11 00   ;29
db 96 03 07 00 00 96 03-00 00 00 00 00 96 03 11 00   ;30
db 00 04 0B 00 00 FF FF-00 08 00 00 00 00 04 11 00   ;31
db 00 04 0F 00 00 FF FF-00 08 00 00 00 00 04 11 00   ;32
db 00 04 05 00 00 00 04-00 00 00 00 00 00 04 11 00   ;33
db 64 02 02 00 00 80 00-00 00 00 00 00 64 02 11 00   ;34
db 00 04 09 00 00 FF FF-00 08 00 00 00 00 04 11 00   ;35
db 00 04 08 00 00 00 02-00 00 00 00 00 00 04 11 00   ;36
db 67 02 08 00 00 80 00-00 00 00 00 00 67 02 11 00   ;37
db DB 03 03 00 00 DB 03-00 00 00 00 00 DB 03 11 00   ;38
db DB 03 07 00 00 DB 03-00 00 00 00 00 DB 03 11 00   ;39
db 34 03 06 00 00 34 03-00 00 00 00 00 34 03 11 00   ;40
db D1 03 05 00 00 D1 03-00 00 00 00 00 D1 03 11 00   ;41
db D5 03 05 00 00 D5 03-00 00 00 00 00 D5 03 11 00   ;42
db 3E 03 07 00 00 00 02-00 00 00 00 00 3E 03 11 00   ;43
db 3E 03 0A 00 00 FF FF-00 08 00 00 00 3E 03 11 00   ;44
db 95 03 0F 00 00 FF FF-00 08 00 00 00 96 03 11 00   ;45
db 00 00 00 00 00 00 00-00 00 00 00 00 00 00 00 00   ;46
db 00 00 00 00 00 00 00-00 00 00 00 00 00 00 00 00   ;47
db 00 E9 02 A9 08 00 FC-01 00 70 00 00 00 00 00 00   ;48
db 00 00 00 00 00 00 00-00 00 00 00 00 00 00 00 00   ;49
db 00 00 00 00 00 00 00-00 00 00 00 00 00 00 00 00   ;50
db 00 00 00 00 00 00 00-00 17 04 00 03 80 01 C0 00   ;51
db 60 00 30 00 18 00 0C-00 E9 A6 11 88 B8 A8 60 00   ;52
