Detekovan procesor 80386DX/40.00 MHz
---------------------------------- 
prefix ES:   : 0.042 us, 2 takty
AAA          : 0.101 us, 4 takty
AAD          : 0.376 us, 15 taktu
AAM          : 0.427 us, 17 taktu
AAS          : 0.101 us, 4 takty
ADC AL,BL    : 0.118 us, 5 taktu
ADD AL,BL    : 0.118 us, 5 taktu
ADD CL,DL    : 0.118 us, 5 taktu
ADD AL,[adr] : 0.471 us, 19 taktu
ADD AL,12    : 0.118 us, 5 taktu
ADD BL,12    : 0.177 us, 7 taktu
AND AL,BL    : 0.118 us, 5 taktu
CALL NEAR    : 0.994 us, 40 taktu
CALL BX      : 0.942 us, 38 taktu
CALL FAR     : 1.344 us, 54 taktu
CBW          : 0.076 us, 3 takty
CLC          : 0.077 us, 3 takty
CLD          : 0.076 us, 3 takty
CLI          : 0.468 us, 19 taktu
CMC          : 0.077 us, 3 takty
CMP AX,BX    : 0.118 us, 5 taktu
CMPSB        : 0.625 us, 25 taktu
CMPSW        : 0.660 us, 26 taktu
CWD          : 0.059 us, 2 takty
DAA          : 0.101 us, 4 takty
DAS          : 0.101 us, 4 takty
DEC AX       : 0.059 us, 2 takty
DIV CX       : 0.450 us, 18 taktu
IDIV CX      : 0.576 us, 23 taktu
IMUL CX      : 0.476 us, 19 taktu
IN AL,[61h]  : 1.161 us, 46 taktu
IN AX,[61h]  : 2.040 us, 82 taktu
IN AL,DX     : 1.161 us, 46 taktu
IN AX,DX     : 2.056 us, 82 taktu
INC AX       : 0.059 us, 2 takty
INSB         : 1.293 us, 52 taktu
INT 23       : 1.966 us, 79 taktu
INT3         : 1.931 us, 77 taktu
IRET         : 1.672 us, 67 taktu
JC     (ano) : 0.581 us, 23 taktu
JC     (ne)  : 0.118 us, 5 taktu
JC NEAR (ano): 0.703 us, 28 taktu
JC NEAR (ne) : 0.237 us, 9 taktu
JCXZ   (ano) : 0.597 us, 24 taktu
JCXZ   (ne)  : 0.130 us, 5 taktu
JMP SHORT    : 0.469 us, 19 taktu
JMP NEAR     : 0.582 us, 23 taktu
LAHF         : 0.059 us, 2 takty
LES SI,[adr] : 0.706 us, 28 taktu
LEA AX,[BX]  : 0.118 us, 5 taktu
LOCK         : 9.878 us, 395 taktu
LODSB        : 0.351 us, 14 taktu
LODSW        : 0.399 us, 16 taktu
LOOP   (ano) : 0.538 us, 22 taktu
LOOP   (ne)  : 0.582 us, 23 taktu
LOOPE  (ano) : 0.538 us, 22 taktu
LOOPE  (ne)  : 0.581 us, 23 taktu
MOV AL,12    : 0.118 us, 5 taktu
MOV AX,1234  : 0.177 us, 7 taktu
MOV BX,1234  : 0.177 us, 7 taktu
MOV BL,CL    : 0.118 us, 5 taktu
MOV BX,CX    : 0.118 us, 5 taktu
MOV AL,[SI]  : 0.441 us, 18 taktu
MOV ES,AX    : 0.118 us, 5 taktu
MOV [0],1234 : 0.644 us, 26 taktu
MOVSB        : 0.706 us, 28 taktu
MOVSW        : 0.687 us, 27 taktu
MUL CX       : 0.577 us, 23 taktu
MUL BYTE[adr]: 0.688 us, 28 taktu
NEG AX       : 0.118 us, 5 taktu
NOP          : 0.076 us, 3 takty
NOT AX       : 0.118 us, 5 taktu
NOT AL       : 0.118 us, 5 taktu
OR AL,BL     : 0.118 us, 5 taktu
OUT [61],AL  : 0.912 us, 36 taktu
OUT DX,AL    : 0.921 us, 37 taktu
POP AX       : 0.357 us, 14 taktu
PUSH AX      : 0.293 us, 12 taktu
PUSHF        : 0.284 us, 11 taktu
RCL AX,1     : 0.118 us, 5 taktu
RCL AX,CL    : 0.201 us, 8 taktu
RCL AX,8     : 0.202 us, 8 taktu
REP          : 0.201 us, 8 taktu
RET NEAR     : 1.004 us, 40 taktu
RET FAR      : 1.485 us, 59 taktu
ROL AX,1     : 0.118 us, 5 taktu
SAHF         : 0.077 us, 3 takty
SAR AX,1     : 0.118 us, 5 taktu
SBB AX,BX    : 0.118 us, 5 taktu
SCASB        : 0.408 us, 16 taktu
SCASW        : 0.453 us, 18 taktu
SHL AX,1     : 0.118 us, 5 taktu
SHR AX,1     : 0.118 us, 5 taktu
STC          : 0.076 us, 3 takty
STD          : 0.077 us, 3 takty
STI          : 0.468 us, 19 taktu
STOSB        : 0.267 us, 11 taktu
STOSW        : 0.250 us, 10 taktu
SUB AX,BX    : 0.118 us, 5 taktu
TEST AX,BX   : 0.118 us, 5 taktu
XCHG AX,BX   : 0.077 us, 3 takty
XCHG BX,CX   : 0.118 us, 5 taktu
XLAT         : 0.401 us, 16 taktu
XOR AX,BX    : 0.118 us, 5 taktu
