Detekovan procesor 80486/50.00 MHz
---------------------------------- 
prefix ES:   : 0.040 us, 2 takty
AAA          : 0.060 us, 3 takty
AAD          : 0.280 us, 14 taktu
AAM          : 0.300 us, 15 taktu
AAS          : 0.060 us, 3 takty
ADC AL,BL    : 0.081 us, 4 takty
ADD AL,BL    : 0.081 us, 4 takty
ADD CL,DL    : 0.081 us, 4 takty
ADD AL,[adr] : 0.401 us, 20 taktu
ADD AL,12    : 0.081 us, 4 takty
ADD BL,12    : 0.121 us, 6 taktu
AND AL,BL    : 0.081 us, 4 takty
CALL NEAR    : 1.077 us, 54 taktu
CALL BX      : 1.127 us, 56 taktu
CALL FAR     : 1.572 us, 79 taktu
CBW          : 0.060 us, 3 takty
CLC          : 0.040 us, 2 takty
CLD          : 0.040 us, 2 takty
CLI          : 0.100 us, 5 taktu
CMC          : 0.040 us, 2 takty
CMP AX,BX    : 0.081 us, 4 takty
CMPSB        : 0.658 us, 33 taktu
CMPSW        : 0.670 us, 34 taktu
CWD          : 0.060 us, 3 takty
DAA          : 0.040 us, 2 takty
DAS          : 0.040 us, 2 takty
DEC AX       : 0.040 us, 2 takty
DIV CX       : 0.380 us, 19 taktu
IDIV CX      : 0.440 us, 22 taktu
IMUL CX      : 0.400 us, 20 taktu
IN AL,[61h]  : 1.285 us, 64 taktu
IN AX,[61h]  : 2.146 us, 107 taktu
IN AL,DX     : 1.257 us, 63 taktu
IN AX,DX     : 2.109 us, 105 taktu
INC AX       : 0.040 us, 2 takty
INSB         : 1.279 us, 64 taktu
INT 23       : 2.158 us, 108 taktu
INT3         : 2.648 us, 132 taktu
IRET         : 2.419 us, 121 taktu
JC     (ano) : 0.839 us, 42 taktu
JC     (ne)  : 0.081 us, 4 takty
JC NEAR (ano): 1.002 us, 50 taktu
JC NEAR (ne) : 0.162 us, 8 taktu
JCXZ   (ano) : 0.925 us, 46 taktu
JCXZ   (ne)  : 0.100 us, 5 taktu
JMP SHORT    : 0.679 us, 34 taktu
JMP NEAR     : 0.840 us, 42 taktu
LAHF         : 0.060 us, 3 takty
LDS SI,[adr] : 0.904 us, 45 taktu
LEA AX,[BX]  : 0.081 us, 4 takty
LOCK         : 4.244 us, 212 taktu
LODSB        : 0.349 us, 17 taktu
LODSW        : 0.361 us, 18 taktu
LOOP   (ano) : 0.888 us, 44 taktu
LOOP   (ne)  : 0.100 us, 5 taktu
LOOPE  (ano) : 0.888 us, 44 taktu
LOOPE  (ne)  : 0.100 us, 5 taktu
MOV AL,12    : 0.081 us, 4 takty
MOV AX,1234  : 0.121 us, 6 taktu
MOV BX,1234  : 0.121 us, 6 taktu
MOV BL,CL    : 0.081 us, 4 takty
MOV BX,CX    : 0.081 us, 4 takty
MOV AL,[SI]  : 0.358 us, 18 taktu
MOV ES,AX    : 0.081 us, 4 takty
MOV [0],1234 : 0.485 us, 24 taktu
MOVSB        : 0.658 us, 33 taktu
MOVSW        : 0.658 us, 33 taktu
MUL CX       : 0.480 us, 24 taktu
MUL BYTE[adr]: 0.616 us, 31 taktu
NEG AX       : 0.081 us, 4 takty
NOP          : 0.040 us, 2 takty
NOT AX       : 0.081 us, 4 takty
NOT AL       : 0.081 us, 4 takty
OR AL,BL     : 0.081 us, 4 takty
OUT [61],AL  : 1.285 us, 64 taktu
OUT DX,AL    : 1.257 us, 63 taktu
POP AX       : 0.309 us, 15 taktu
PUSH AX      : 0.232 us, 12 taktu
PUSHF        : 0.237 us, 12 taktu
RCL AX,1     : 0.081 us, 4 takty
RCL AX,CL    : 0.160 us, 8 taktu
RCL AX,8     : 0.160 us, 8 taktu
REP          : 0.182 us, 9 taktu
RET NEAR     : 1.899 us, 95 taktu
RET FAR      : 1.467 us, 73 taktu
ROL AX,1     : 0.081 us, 4 takty
SAHF         : 0.040 us, 2 takty
SAR AX,1     : 0.081 us, 4 takty
SBB AX,BX    : 0.081 us, 4 takty
SCASB        : 0.370 us, 18 taktu
SCASW        : 0.381 us, 19 taktu
SHL AX,1     : 0.081 us, 4 takty
SHR AX,1     : 0.081 us, 4 takty
STC          : 0.040 us, 2 takty
STD          : 0.040 us, 2 takty
STI          : 0.100 us, 5 taktu
STOSB        : 0.228 us, 11 taktu
STOSW        : 0.228 us, 11 taktu
SUB AX,BX    : 0.081 us, 4 takty
TEST AX,BX   : 0.081 us, 4 takty
XCHG AX,BX   : 0.060 us, 3 takty
XCHG BX,CX   : 0.081 us, 4 takty
XLAT         : 0.337 us, 17 taktu
XOR AX,BX    : 0.081 us, 4 takty
